Product: MDK-ARM Professional 5.10
Component: ARM Compiler 5.04 update 1 (build 49)
Tool: armlink [5040049]

==============================================================================

Section Cross References

    appcomm.o(i.AppComm_Init) refers to drvcom.o(i.DrvCom_Init) for DrvCom_Init
    appcomm.o(i.AppComm_Init) refers to drvcom.o(i.DrvCom_RegisterRxHandler) for DrvCom_RegisterRxHandler
    appcomm.o(i.AppComm_Init) refers to appcommtopc.o(i.AppCom_recvComm2PCDataProc) for AppCom_recvComm2PCDataProc
    appcomm.o(i.AppComm_SendDebugData) refers to drvcom.o(i.DrvCom_SendData) for DrvCom_SendData
    appmain.o(i.AppAdd_Task) refers to appmain.o(.data) for .data
    appmain.o(i.AppAdd_Task) refers to appmain.o(.bss) for .bss
    appmain.o(i.AppInit) refers to drvgpio.o(i.DrvLed_Init) for DrvLed_Init
    appmain.o(i.AppInit) refers to appimu.o(i.AppIMU_Init) for AppIMU_Init
    appmain.o(i.AppInit) refers to apptimer.o(i.AppTimer_Init) for AppTimer_Init
    appmain.o(i.AppInit) refers to appcomm.o(i.AppComm_Init) for AppComm_Init
    appmain.o(i.AppInit) refers to stm32f4xx_rcc.o(i.RCC_AHB1PeriphClockCmd) for RCC_AHB1PeriphClockCmd
    appmain.o(i.AppInit) refers to stm32f4xx_gpio.o(i.GPIO_PinAFConfig) for GPIO_PinAFConfig
    appmain.o(i.AppMain) refers to drvgpio.o(i.DrvLed_Toggle) for DrvLed_Toggle
    appmain.o(i.AppMain) refers to appcommtopc.o(i.AppShowData) for AppShowData
    appmain.o(i.AppMain) refers to apptimer.o(.data) for sysShowDebugFlag
    main.o(i.main) refers to appmain.o(i.AppInit) for AppInit
    main.o(i.main) refers to appmain.o(i.AppMain) for AppMain
    appimu.o(i.AppIMU_CalibrateIMU) refers to appimu.o(.data) for .data
    appimu.o(i.AppIMU_CalibrateIMU) refers to appimu.o(.bss) for .bss
    appimu.o(i.AppIMU_CalibrateInit) refers to appimu.o(.data) for .data
    appimu.o(i.AppIMU_CalibrateInit) refers to appimu.o(.bss) for .bss
    appimu.o(i.AppIMU_Init) refers to miniekf.o(i.miniEKF_Init) for miniEKF_Init
    appimu.o(i.AppIMU_Init) refers to drvimu.o(i.DrvImu_Init) for DrvImu_Init
    appimu.o(i.AppIMU_Init) refers to drvimu.o(i.DrvImu_RegisterRecvDataHandler) for DrvImu_RegisterRecvDataHandler
    appimu.o(i.AppIMU_Init) refers to appimu.o(.bss) for .bss
    appimu.o(i.AppIMU_Init) refers to appimu.o(i.IMU_Camera_DataHandle) for IMU_Camera_DataHandle
    appimu.o(i.IMU_Camera_DataHandle) refers to appimu.o(.bss) for .bss
    appcommtopc.o(i.AppShowData) refers to rt_memclr.o(.text) for __aeabi_memclr
    appcommtopc.o(i.AppShowData) refers to appcommtopc.o(i.MY_float2buf) for MY_float2buf
    appcommtopc.o(i.AppShowData) refers to public.o(i.GetCheckSum8) for GetCheckSum8
    appcommtopc.o(i.AppShowData) refers to appcomm.o(i.AppComm_SendDebugData) for AppComm_SendDebugData
    appcommtopc.o(i.AppShowData) refers to appcomm.o(.bss) for packageTxMsgBuf
    appcommtopc.o(i.AppShowData) refers to appimu.o(.bss) for miniEKF
    appcommtopc.o(i.AppShowData) refers to appcommtopc.o(.bss) for .bss
    appcommtopc.o(i.AppShowDebugData) refers to rt_memclr.o(.text) for __aeabi_memclr
    appcommtopc.o(i.AppShowDebugData) refers to public.o(i.Data2Buf) for Data2Buf
    appcommtopc.o(i.AppShowDebugData) refers to public.o(i.GetCheckSum8) for GetCheckSum8
    appcommtopc.o(i.AppShowDebugData) refers to appcomm.o(i.AppComm_SendDebugData) for AppComm_SendDebugData
    appcommtopc.o(i.AppShowDebugData) refers to appcomm.o(.bss) for packageTxMsgBuf
    appcommtopc.o(i.AppShowDebugData) refers to appimu.o(.bss) for IMU_Data
    appcommtopc.o(i.AppShowDebugData) refers to appcommtopc.o(.bss) for .bss
    apptimer.o(i.AppTimer_Init) refers to drvtim.o(i.DrvTim_Init) for DrvTim_Init
    apptimer.o(i.AppTimer_Init) refers to drvtim.o(i.DrvTim_RegisterIsrHandler) for DrvTim_RegisterIsrHandler
    apptimer.o(i.AppTimer_Init) refers to apptimer.o(i.gimbal_ekff_isr) for gimbal_ekff_isr
    apptimer.o(i.AppTimer_Init) refers to apptimer.o(i.gimbal_readImu_isr) for gimbal_readImu_isr
    apptimer.o(i.gimbal_ekff_isr) refers to miniekf.o(i.miniEKF_Update) for miniEKF_Update
    apptimer.o(i.gimbal_ekff_isr) refers to appimu.o(.bss) for miniEKF
    apptimer.o(i.gimbal_readImu_isr) refers to drvimu.o(i.DrvImu_Read) for DrvImu_Read
    apptimer.o(i.gimbal_readImu_isr) refers to appimu.o(i.AppIMU_CalibrateIMU) for AppIMU_CalibrateIMU
    apptimer.o(i.gimbal_readImu_isr) refers to apptimer.o(.data) for .data
    apptimer.o(i.gimbal_readImu_isr) refers to appimu.o(.bss) for imu_bias
    stm32f4xx_gpio.o(i.GPIO_DeInit) refers to stm32f4xx_rcc.o(i.RCC_AHB1PeriphResetCmd) for RCC_AHB1PeriphResetCmd
    stm32f4xx_i2c.o(i.I2C_DeInit) refers to stm32f4xx_rcc.o(i.RCC_APB1PeriphResetCmd) for RCC_APB1PeriphResetCmd
    stm32f4xx_i2c.o(i.I2C_Init) refers to stm32f4xx_rcc.o(i.RCC_GetClocksFreq) for RCC_GetClocksFreq
    stm32f4xx_spi.o(i.SPI_I2S_DeInit) refers to stm32f4xx_rcc.o(i.RCC_APB1PeriphResetCmd) for RCC_APB1PeriphResetCmd
[...]
    i.SPI_I2S_DeInit                         0x0800256c   Section        0  stm32f4xx_spi.o(i.SPI_I2S_DeInit)
    i.SPI_I2S_ITConfig                       0x080025f0   Section        0  stm32f4xx_spi.o(i.SPI_I2S_ITConfig)
    i.SPI_Init                               0x08002608   Section        0  stm32f4xx_spi.o(i.SPI_Init)
    i.SPI_NVICInit                           0x08002640   Section        0  bspspi.o(i.SPI_NVICInit)
    SPI_NVICInit                             0x08002641   Thumb Code   150  bspspi.o(i.SPI_NVICInit)
    i.SVC_Handler                            0x080026d6   Section        0  stm32f4xx_it.o(i.SVC_Handler)
    i.SetSysClock                            0x080026d8   Section        0  system_stm32f4xx.o(i.SetSysClock)
    SetSysClock                              0x080026d9   Thumb Code   158  system_stm32f4xx.o(i.SetSysClock)
    i.SysTick_Handler                        0x08002788   Section        0  systick.o(i.SysTick_Handler)
    i.SystemInit                             0x0800278c   Section        0  system_stm32f4xx.o(i.SystemInit)
    i.TIM3_IRQHandler                        0x080027e8   Section        0  drvtim.o(i.TIM3_IRQHandler)
    i.TIM4_IRQHandler                        0x08002810   Section        0  drvtim.o(i.TIM4_IRQHandler)
    i.TIM5_IRQHandler                        0x08002838   Section        0  drvtim.o(i.TIM5_IRQHandler)
    i.TIM_ClearITPendingBit                  0x08002860   Section        0  stm32f4xx_tim.o(i.TIM_ClearITPendingBit)
    i.TIM_Cmd                                0x08002866   Section        0  stm32f4xx_tim.o(i.TIM_Cmd)
    i.TIM_GetITStatus                        0x0800287a   Section        0  stm32f4xx_tim.o(i.TIM_GetITStatus)
    i.TIM_ITConfig                           0x08002892   Section        0  stm32f4xx_tim.o(i.TIM_ITConfig)
    i.TIM_TimeBaseInit                       0x080028a4   Section        0  stm32f4xx_tim.o(i.TIM_TimeBaseInit)
    i.Timer_isrProc                          0x08002920   Section        0  drvtim.o(i.Timer_isrProc)
    i.UART_Config                            0x08002958   Section        0  bspuart.o(i.UART_Config)
    UART_Config                              0x08002959   Thumb Code   128  bspuart.o(i.UART_Config)
    i.UART_DmaInit                           0x080029e0   Section        0  bspuart.o(i.UART_DmaInit)
    UART_DmaInit                             0x080029e1   Thumb Code   168  bspuart.o(i.UART_DmaInit)
    i.UART_GpioInit                          0x08002a88   Section        0  bspuart.o(i.UART_GpioInit)
    UART_GpioInit                            0x08002a89   Thumb Code   108  bspuart.o(i.UART_GpioInit)
    i.UART_NVICInit                          0x08002af4   Section        0  bspuart.o(i.UART_NVICInit)
    UART_NVICInit                            0x08002af5   Thumb Code   150  bspuart.o(i.UART_NVICInit)
    i.USART1_IRQHandler                      0x08002b8a   Section        0  drvcom.o(i.USART1_IRQHandler)
    i.USART2_IRQHandler                      0x08002b90   Section        0  drvcom.o(i.USART2_IRQHandler)
    i.USART6_IRQHandler                      0x08002b96   Section        0  drvcom.o(i.USART6_IRQHandler)
    i.USART_ClearFlag                        0x08002b9c   Section        0  stm32f4xx_usart.o(i.USART_ClearFlag)
    i.USART_ClearITPendingBit                0x08002ba2   Section        0  stm32f4xx_usart.o(i.USART_ClearITPendingBit)
    i.USART_Cmd                              0x08002bae   Section        0  stm32f4xx_usart.o(i.USART_Cmd)
    i.USART_DMACmd                           0x08002bc2   Section        0  stm32f4xx_usart.o(i.USART_DMACmd)
    i.USART_DeInit                           0x08002bd4   Section        0  stm32f4xx_usart.o(i.USART_DeInit)
    i.USART_GetITStatus                      0x08002c80   Section        0  stm32f4xx_usart.o(i.USART_GetITStatus)
    i.USART_ITConfig                         0x08002cbe   Section        0  stm32f4xx_usart.o(i.USART_ITConfig)
    i.USART_Init                             0x08002cf0   Section        0  stm32f4xx_usart.o(i.USART_Init)
    i.USBD_ClrCfg                            0x08002d9c   Section        0  usbd_core.o(i.USBD_ClrCfg)
    i.USBD_CtlContinueRx                     0x08002daa   Section        0  usbd_ioreq.o(i.USBD_CtlContinueRx)
    i.USBD_CtlContinueSendData               0x08002dbc   Section        0  usbd_ioreq.o(i.USBD_CtlContinueSendData)
    i.USBD_CtlError                          0x08002dce   Section        0  usbd_req.o(i.USBD_CtlError)
    i.USBD_CtlReceiveStatus                  0x08002dea   Section        0  usbd_ioreq.o(i.USBD_CtlReceiveStatus)
    i.USBD_CtlSendData                       0x08002e0c   Section        0  usbd_ioreq.o(i.USBD_CtlSendData)
    i.USBD_CtlSendStatus                     0x08002e2c   Section        0  usbd_ioreq.o(i.USBD_CtlSendStatus)
    i.USBD_DataInStage                       0x08002e50   Section        0  usbd_core.o(i.USBD_DataInStage)
    USBD_DataInStage                         0x08002e51   Thumb Code   184  usbd_core.o(i.USBD_DataInStage)
    i.USBD_DataOutStage                      0x08002f0c   Section        0  usbd_core.o(i.USBD_DataOutStage)
    USBD_DataOutStage                        0x08002f0d   Thumb Code   120  usbd_core.o(i.USBD_DataOutStage)
    i.USBD_GetDescriptor                     0x08002f84   Section        0  usbd_req.o(i.USBD_GetDescriptor)
    USBD_GetDescriptor                       0x08002f85   Thumb Code   184  usbd_req.o(i.USBD_GetDescriptor)
    i.USBD_IsoINIncomplete                   0x0800303c   Section        0  usbd_core.o(i.USBD_IsoINIncomplete)
    USBD_IsoINIncomplete                     0x0800303d   Thumb Code    14  usbd_core.o(i.USBD_IsoINIncomplete)
    i.USBD_IsoOUTIncomplete                  0x0800304a   Section        0  usbd_core.o(i.USBD_IsoOUTIncomplete)
    USBD_IsoOUTIncomplete                    0x0800304b   Thumb Code    14  usbd_core.o(i.USBD_IsoOUTIncomplete)
    i.USBD_OTG_ISR_Handler                   0x08003058   Section        0  usb_dcd_int.o(i.USBD_OTG_ISR_Handler)
    i.USBD_ParseSetupRequest                 0x08003148   Section        0  usbd_req.o(i.USBD_ParseSetupRequest)
    i.USBD_Reset                             0x0800318c   Section        0  usbd_core.o(i.USBD_Reset)
    USBD_Reset                               0x0800318d   Thumb Code    46  usbd_core.o(i.USBD_Reset)
    i.USBD_Resume                            0x080031ba   Section        0  usbd_core.o(i.USBD_Resume)
    USBD_Resume                              0x080031bb   Thumb Code    22  usbd_core.o(i.USBD_Resume)
    i.USBD_SOF                               0x080031d0   Section        0  usbd_core.o(i.USBD_SOF)
    USBD_SOF                                 0x080031d1   Thumb Code    16  usbd_core.o(i.USBD_SOF)
    i.USBD_SetCfg                            0x080031e0   Section        0  usbd_core.o(i.USBD_SetCfg)
    i.USBD_SetConfig                         0x080031fc   Section        0  usbd_req.o(i.USBD_SetConfig)
    USBD_SetConfig                           0x080031fd   Thumb Code   112  usbd_req.o(i.USBD_SetConfig)
    i.USBD_SetFeature                        0x08003270   Section        0  usbd_req.o(i.USBD_SetFeature)
    USBD_SetFeature                          0x08003271   Thumb Code   118  usbd_req.o(i.USBD_SetFeature)
    i.USBD_SetupStage                        0x080032ec   Section        0  usbd_core.o(i.USBD_SetupStage)
    USBD_SetupStage                          0x080032ed   Thumb Code    72  usbd_core.o(i.USBD_SetupStage)
    i.USBD_StdDevReq                         0x08003334   Section        0  usbd_req.o(i.USBD_StdDevReq)
    i.USBD_StdEPReq                          0x08003424   Section        0  usbd_req.o(i.USBD_StdEPReq)
    i.USBD_StdItfReq                         0x08003514   Section        0  usbd_req.o(i.USBD_StdItfReq)
    i.USBD_Suspend                           0x0800354a   Section        0  usbd_core.o(i.USBD_Suspend)
    USBD_Suspend                             0x0800354b   Thumb Code    28  usbd_core.o(i.USBD_Suspend)
    i.USB_OTG_BSP_uDelay                     0x08003566   Section        0  usb_bsp.o(i.USB_OTG_BSP_uDelay)
    i.USB_OTG_EP0Activate                    0x0800357c   Section        0  usb_core.o(i.USB_OTG_EP0Activate)
    i.USB_OTG_EP0StartXfer                   0x080035b4   Section        0  usb_core.o(i.USB_OTG_EP0StartXfer)
    i.USB_OTG_EP0_OutStart                   0x08003664   Section        0  usb_core.o(i.USB_OTG_EP0_OutStart)
    i.USB_OTG_EPActivate                     0x08003688   Section        0  usb_core.o(i.USB_OTG_EPActivate)
    i.USB_OTG_EPClearStall                   0x080036da   Section        0  usb_core.o(i.USB_OTG_EPClearStall)
    i.USB_OTG_EPSetStall                     0x0800370c   Section        0  usb_core.o(i.USB_OTG_EPSetStall)
    i.USB_OTG_EPStartXfer                    0x0800373c   Section        0  usb_core.o(i.USB_OTG_EPStartXfer)
    i.USB_OTG_FlushTxFifo                    0x08003864   Section        0  usb_core.o(i.USB_OTG_FlushTxFifo)
    i.USB_OTG_GetDeviceSpeed                 0x080038a4   Section        0  usb_core.o(i.USB_OTG_GetDeviceSpeed)
    i.USB_OTG_IsDeviceMode                   0x080038c2   Section        0  usb_core.o(i.USB_OTG_IsDeviceMode)
    i.USB_OTG_ReadCoreItr                    0x080038d4   Section        0  usb_core.o(i.USB_OTG_ReadCoreItr)
    i.USB_OTG_ReadDevAllInEPItr              0x080038de   Section        0  usb_core.o(i.USB_OTG_ReadDevAllInEPItr)
    i.USB_OTG_ReadDevAllOutEp_itr            0x080038ea   Section        0  usb_core.o(i.USB_OTG_ReadDevAllOutEp_itr)
    i.USB_OTG_ReadDevOutEP_itr               0x080038f6   Section        0  usb_core.o(i.USB_OTG_ReadDevOutEP_itr)
    i.USB_OTG_ReadPacket                     0x08003906   Section        0  usb_core.o(i.USB_OTG_ReadPacket)
    i.USB_OTG_WritePacket                    0x08003926   Section        0  usb_core.o(i.USB_OTG_WritePacket)
    i.UsageFault_Handler                     0x0800394e   Section        0  stm32f4xx_it.o(i.UsageFault_Handler)
    i.__ARM_fpclassify                       0x08003950   Section        0  fpclassify.o(i.__ARM_fpclassify)
    i.__hardfp_atan                          0x08003980   Section        0  atan.o(i.__hardfp_atan)
    i.__kernel_poly                          0x08003c60   Section        0  poly.o(i.__kernel_poly)
    i.__mathlib_dbl_underflow                0x08003d58   Section        0  dunder.o(i.__mathlib_dbl_underflow)
    i.arctan2                                0x08003d78   Section        0  public.o(i.arctan2)
    i.fabs                                   0x08003e0c   Section        0  fabs.o(i.fabs)
    i.gimbal_ekff_isr                        0x08003e24   Section        0  apptimer.o(i.gimbal_ekff_isr)
    i.gimbal_readImu_isr                     0x08003e54   Section        0  apptimer.o(i.gimbal_readImu_isr)
    i.main                                   0x08003ec4   Section        0  main.o(i.main)
    i.miniEKF_AngleInit                      0x08003ed0   Section        0  miniekf.o(i.miniEKF_AngleInit)
    miniEKF_AngleInit                        0x08003ed1   Thumb Code   298  miniekf.o(i.miniEKF_AngleInit)
    i.miniEKF_Init                           0x08004000   Section        0  miniekf.o(i.miniEKF_Init)
    i.miniEKF_Update                         0x080040bc   Section        0  miniekf.o(i.miniEKF_Update)
    i.sysTick_IncTick                        0x08004514   Section        0  systick.o(i.sysTick_IncTick)
    x$fpl$basic                              0x08004524   Section       24  basic.o(x$fpl$basic)
    $v0                                      0x08004524   Number         0  basic.o(x$fpl$basic)
    x$fpl$d2f                                0x0800453c   Section       98  d2f.o(x$fpl$d2f)
    $v0                                      0x0800453c   Number         0  d2f.o(x$fpl$d2f)
    x$fpl$dadd                               0x080045a0   Section      336  daddsub_clz.o(x$fpl$dadd)
    $v0                                      0x080045a0   Number         0  daddsub_clz.o(x$fpl$dadd)
    _dadd1                                   0x080045b1   Thumb Code     0  daddsub_clz.o(x$fpl$dadd)
    x$fpl$ddiv                               0x080046f0   Section      688  ddiv.o(x$fpl$ddiv)
    $v0                                      0x080046f0   Number         0  ddiv.o(x$fpl$ddiv)
    ddiv_entry                               0x080046f7   Thumb Code     0  ddiv.o(x$fpl$ddiv)
    x$fpl$dmul                               0x080049a0   Section      340  dmul.o(x$fpl$dmul)
    $v0                                      0x080049a0   Number         0  dmul.o(x$fpl$dmul)
    x$fpl$dnaninf                            0x08004af4   Section      156  dnaninf.o(x$fpl$dnaninf)
    $v0                                      0x08004af4   Number         0  dnaninf.o(x$fpl$dnaninf)
    x$fpl$dretinf                            0x08004b90   Section       12  dretinf.o(x$fpl$dretinf)
    $v0                                      0x08004b90   Number         0  dretinf.o(x$fpl$dretinf)
    x$fpl$drsb                               0x08004b9c   Section       22  daddsub_clz.o(x$fpl$drsb)
    $v0                                      0x08004b9c   Number         0  daddsub_clz.o(x$fpl$drsb)
    x$fpl$dsub                               0x08004bb4   Section      468  daddsub_clz.o(x$fpl$dsub)
    $v0                                      0x08004bb4   Number         0  daddsub_clz.o(x$fpl$dsub)
    _dsub1                                   0x08004bc5   Thumb Code     0  daddsub_clz.o(x$fpl$dsub)
    x$fpl$f2d                                0x08004d88   Section       86  f2d.o(x$fpl$f2d)
    $v0                                      0x08004d88   Number         0  f2d.o(x$fpl$f2d)
    x$fpl$fnaninf                            0x08004dde   Section      140  fnaninf.o(x$fpl$fnaninf)
    $v0                                      0x08004dde   Number         0  fnaninf.o(x$fpl$fnaninf)
    x$fpl$fpinit                             0x08004e6a   Section       10  fpinit.o(x$fpl$fpinit)
    $v0                                      0x08004e6a   Number         0  fpinit.o(x$fpl$fpinit)
    x$fpl$fretinf                            0x08004e74   Section       10  fretinf.o(x$fpl$fretinf)
    $v0                                      0x08004e74   Number         0  fretinf.o(x$fpl$fretinf)
    x$fpl$usenofp                            0x08004e7e   Section        0  usenofp.o(x$fpl$usenofp)
    .constdata                               0x08004e80   Section       12  miniekf.o(.constdata)
    .constdata                               0x08004e90   Section      152  atan.o(.constdata)
    atanhi                                   0x08004e90   Data          32  atan.o(.constdata)
    atanlo                                   0x08004eb0   Data          32  atan.o(.constdata)
    aTodd                                    0x08004ed0   Data          40  atan.o(.constdata)
    aTeven                                   0x08004ef8   Data          48  atan.o(.constdata)
    .data                                    0x20000000   Section        8  appimu.o(.data)
    .data                                    0x20000008   Section       16  apptimer.o(.data)
    debugShowCount                           0x20000010   Data           4  apptimer.o(.data)
    calibrateImuCnt                          0x20000014   Data           4  apptimer.o(.data)
    .data                                    0x20000018   Section       16  stm32f4xx_rcc.o(.data)
    APBAHBPrescTable                         0x20000018   Data          16  stm32f4xx_rcc.o(.data)
    .data                                    0x20000028   Section       20  system_stm32f4xx.o(.data)
    .data                                    0x2000003c   Section        4  systick.o(.data)
    .data                                    0x20000040   Section       44  usbd_core.o(.data)
    .data                                    0x2000006c   Section        4  usbd_core.o(.data)
    .data                                    0x20000070   Section        4  usbd_core.o(.data)
    .data                                    0x20000074   Section       16  usbd_req.o(.data)
    cfgidx                                   0x20000074   Data           1  usbd_req.o(.data)
    .bss                                     0x20000084   Section      256  appcomm.o(.bss)
    .bss                                     0x20000184   Section     1796  appimu.o(.bss)
    .bss                                     0x20000888   Section       48  appcommtopc.o(.bss)
    .bss                                     0x200008b8   Section      252  drvimu.o(.bss)
    .bss                                     0x200009b4   Section      144  drvtim.o(.bss)
    .bss                                     0x20000a44   Section     1860  drvcom.o(.bss)
    .bss                                     0x20001188   Section     1524  drvusb.o(.bss)
    .bss                                     0x2000177c   Section       96  libspace.o(.bss)
    HEAP                                     0x200017e0   Section      512  startup_stm32f40_41xxx.o(HEAP)
    Heap_Mem                                 0x200017e0   Data         512  startup_stm32f40_41xxx.o(HEAP)
    STACK                                    0x200019e0   Section     1024  startup_stm32f40_41xxx.o(STACK)
    Stack_Mem                                0x200019e0   Data        1024  startup_stm32f40_41xxx.o(STACK)
    __initial_sp                             0x20001de0   Data           0  startup_stm32f40_41xxx.o(STACK)

    Global Symbols

    Symbol Name                              Value     Ov Type        Size  Object(Section)

    BuildAttributes$$THM_ISAv4$E$P$D$K$B$S$7EM$VFPi3$EXTD16$VFPS$VFMA$PE$A:L22UL41UL21$X:L11$S22US41US21$IEEE1$IW$USESV6$~STKCKD$USESV7$~SHL$OTIME$ROPI$IEEEX$EBA8$UX$STANDARDLIB$REQ8$PRES8$EABIv2 0x00000000   Number         0  anon$$obj.o ABSOLUTE
    __ARM_use_no_argv                        0x00000000   Number         0  main.o ABSOLUTE
    __ARM_exceptions_init                     - Undefined Weak Reference
    __alloca_initialize                       - Undefined Weak Reference
    __cpp_initialize__aeabi_                  - Undefined Weak Reference
    __cxa_finalize                            - Undefined Weak Reference
    __rt_locale                               - Undefined Weak Reference
    __sigvec_lookup                           - Undefined Weak Reference
    _atexit_init                              - Undefined Weak Reference
    _call_atexit_fns                          - Undefined Weak Reference
    _clock_init                               - Undefined Weak Reference
    _fp_trap_init                             - Undefined Weak Reference
    _fp_trap_shutdown                         - Undefined Weak Reference
    _get_lc_collate                           - Undefined Weak Reference
    _get_lc_ctype                             - Undefined Weak Reference
    _get_lc_monetary                          - Undefined Weak Reference
    _get_lc_numeric                           - Undefined Weak Reference
    _get_lc_time                              - Undefined Weak Reference
    _getenv_init                              - Undefined Weak Reference
    _handle_redirection                       - Undefined Weak Reference
    _init_alloc                               - Undefined Weak Reference
    _init_user_alloc                          - Undefined Weak Reference
    _initio                                   - Undefined Weak Reference
    _rand_init                                - Undefined Weak Reference
    _signal_finish                            - Undefined Weak Reference
    _signal_init                              - Undefined Weak Reference
    _terminate_alloc                          - Undefined Weak Reference
    _terminate_user_alloc                     - Undefined Weak Reference
    _terminateio                              - Undefined Weak Reference
    __Vectors_Size                           0x00000188   Number         0  startup_stm32f40_41xxx.o ABSOLUTE
    __Vectors                                0x08000000   Data           4  startup_stm32f40_41xxx.o(RESET)
    __Vectors_End                            0x08000188   Data           0  startup_stm32f40_41xxx.o(RESET)
    __main                                   0x08000189   Thumb Code     8  __main.o(!!!main)
    __scatterload                            0x08000191   Thumb Code     0  __scatter.o(!!!scatter)
    __scatterload_rt2                        0x08000191   Thumb Code    44  __scatter.o(!!!scatter)
    __scatterload_rt2_thumb_only             0x08000191   Thumb Code     0  __scatter.o(!!!scatter)
    __scatterload_null                       0x0800019f   Thumb Code     0  __scatter.o(!!!scatter)
    __scatterload_copy                       0x080001c5   Thumb Code    26  __scatter_copy.o(!!handler_copy)
    __scatterload_zeroinit                   0x080001e1   Thumb Code    28  __scatter_zi.o(!!handler_zi)
    __rt_lib_init                            0x080001fd   Thumb Code     0  libinit.o(.ARM.Collect$$libinit$$00000000)
    __rt_lib_init_fp_1                       0x080001ff   Thumb Code     0  libinit2.o(.ARM.Collect$$libinit$$00000001)
    __rt_lib_init_alloca_1                   0x08000203   Thumb Code     0  libinit2.o(.ARM.Collect$$libinit$$0000002C)
    __rt_lib_init_argv_1                     0x08000203   Thumb Code     0  libinit2.o(.ARM.Collect$$libinit$$0000002A)
    __rt_lib_init_atexit_1                   0x08000203   Thumb Code     0  libinit2.o(.ARM.Collect$$libinit$$00000019)
    __rt_lib_init_clock_1                    0x08000203   Thumb Code     0  libinit2.o(.ARM.Collect$$libinit$$0000001F)
    __rt_lib_init_cpp_1                      0x08000203   Thumb Code     0  libinit2.o(.ARM.Collect$$libinit$$00000030)
    __rt_lib_init_exceptions_1               0x08000203   Thumb Code     0  libinit2.o(.ARM.Collect$$libinit$$0000002E)
    __rt_lib_init_fp_trap_1                  0x08000203   Thumb Code     0  libinit2.o(.ARM.Collect$$libinit$$0000001D)
    __rt_lib_init_getenv_1                   0x08000203   Thumb Code     0  libinit2.o(.ARM.Collect$$libinit$$00000021)
    __rt_lib_init_heap_1                     0x08000203   Thumb Code     0  libinit2.o(.ARM.Collect$$libinit$$00000008)
    __rt_lib_init_lc_collate_1               0x08000203   Thumb Code     0  libinit2.o(.ARM.Collect$$libinit$$0000000F)
    __rt_lib_init_lc_ctype_1                 0x08000203   Thumb Code     0  libinit2.o(.ARM.Collect$$libinit$$00000011)
    __rt_lib_init_lc_monetary_1              0x08000203   Thumb Code     0  libinit2.o(.ARM.Collect$$libinit$$00000013)
    __rt_lib_init_lc_numeric_1               0x08000203   Thumb Code     0  libinit2.o(.ARM.Collect$$libinit$$00000015)
    __rt_lib_init_lc_time_1                  0x08000203   Thumb Code     0  libinit2.o(.ARM.Collect$$libinit$$00000017)
    __rt_lib_init_rand_1                     0x08000203   Thumb Code     0  libinit2.o(.ARM.Collect$$libinit$$0000000C)
    __rt_lib_init_return                     0x08000203   Thumb Code     0  libinit2.o(.ARM.Collect$$libinit$$00000031)
    __rt_lib_init_signal_1                   0x08000203   Thumb Code     0  libinit2.o(.ARM.Collect$$libinit$$0000001B)
    __rt_lib_init_stdio_1                    0x08000203   Thumb Code     0  libinit2.o(.ARM.Collect$$libinit$$00000023)
    __rt_lib_init_user_alloc_1               0x08000203   Thumb Code     0  libinit2.o(.ARM.Collect$$libinit$$0000000A)
    __rt_lib_shutdown                        0x08000205   Thumb Code     0  libshutdown.o(.ARM.Collect$$libshutdown$$00000000)
    __rt_lib_shutdown_fp_trap_1              0x08000207   Thumb Code     0  libshutdown2.o(.ARM.Collect$$libshutdown$$00000006)
    __rt_lib_shutdown_heap_1                 0x08000207   Thumb Code     0  libshutdown2.o(.ARM.Collect$$libshutdown$$0000000E)
    __rt_lib_shutdown_return                 0x08000207   Thumb Code     0  libshutdown2.o(.ARM.Collect$$libshutdown$$0000000F)
    __rt_lib_shutdown_signal_1               0x08000207   Thumb Code     0  libshutdown2.o(.ARM.Collect$$libshutdown$$00000009)
    __rt_lib_shutdown_stdio_1                0x08000207   Thumb Code     0  libshutdown2.o(.ARM.Collect$$libshutdown$$00000003)
    __rt_lib_shutdown_user_alloc_1           0x08000207   Thumb Code     0  libshutdown2.o(.ARM.Collect$$libshutdown$$0000000B)
    __rt_entry                               0x08000209   Thumb Code     0  rtentry.o(.ARM.Collect$$rtentry$$00000000)
    __rt_entry_presh_1                       0x08000209   Thumb Code     0  rtentry2.o(.ARM.Collect$$rtentry$$00000002)
    __rt_entry_sh                            0x08000209   Thumb Code     0  rtentry4.o(.ARM.Collect$$rtentry$$00000004)
    __rt_entry_li                            0x0800020f   Thumb Code     0  rtentry2.o(.ARM.Collect$$rtentry$$0000000A)
    __rt_entry_postsh_1                      0x0800020f   Thumb Code     0  rtentry2.o(.ARM.Collect$$rtentry$$00000009)
    __rt_entry_main                          0x08000213   Thumb Code     0  rtentry2.o(.ARM.Collect$$rtentry$$0000000D)
    __rt_entry_postli_1                      0x08000213   Thumb Code     0  rtentry2.o(.ARM.Collect$$rtentry$$0000000C)
    __rt_exit                                0x0800021b   Thumb Code     0  rtexit.o(.ARM.Collect$$rtexit$$00000000)
    __rt_exit_ls                             0x0800021d   Thumb Code     0  rtexit2.o(.ARM.Collect$$rtexit$$00000003)
    __rt_exit_prels_1                        0x0800021d   Thumb Code     0  rtexit2.o(.ARM.Collect$$rtexit$$00000002)
    __rt_exit_exit                           0x08000221   Thumb Code     0  rtexit2.o(.ARM.Collect$$rtexit$$00000004)
    Reset_Handler                            0x08000229   Thumb Code     8  startup_stm32f40_41xxx.o(.text)
    ADC_IRQHandler                           0x08000243   Thumb Code     0  startup_stm32f40_41xxx.o(.text)
    CAN1_RX0_IRQHandler                      0x08000243   Thumb Code     0  startup_stm32f40_41xxx.o(.text)
    CAN1_RX1_IRQHandler                      0x08000243   Thumb Code     0  startup_stm32f40_41xxx.o(.text)
    CAN1_SCE_IRQHandler                      0x08000243   Thumb Code     0  startup_stm32f40_41xxx.o(.text)
    CAN1_TX_IRQHandler                       0x08000243   Thumb Code     0  startup_stm32f40_41xxx.o(.text)
    CAN2_RX0_IRQHandler                      0x08000243   Thumb Code     0  startup_stm32f40_41xxx.o(.text)
    CAN2_RX1_IRQHandler                      0x08000243   Thumb Code     0  startup_stm32f40_41xxx.o(.text)
    CAN2_SCE_IRQHandler                      0x08000243   Thumb Code     0  startup_stm32f40_41xxx.o(.text)
    CAN2_TX_IRQHandler                       0x08000243   Thumb Code     0  startup_stm32f40_41xxx.o(.text)
    CRYP_IRQHandler                          0x08000243   Thumb Code     0  startup_stm32f40_41xxx.o(.text)
    DCMI_IRQHandler                          0x08000243   Thumb Code     0  startup_stm32f40_41xxx.o(.text)
    DMA1_Stream1_IRQHandler                  0x08000243   Thumb Code     0  startup_stm32f40_41xxx.o(.text)
    DMA1_Stream2_IRQHandler                  0x08000243   Thumb Code     0  startup_stm32f40_41xxx.o(.text)
    DMA1_Stream3_IRQHandler                  0x08000243   Thumb Code     0  startup_stm32f40_41xxx.o(.text)
    DMA1_Stream4_IRQHandler                  0x08000243   Thumb Code     0  startup_stm32f40_41xxx.o(.text)
    DMA1_Stream7_IRQHandler                  0x08000243   Thumb Code     0  startup_stm32f40_41xxx.o(.text)
    DMA2_Stream0_IRQHandler                  0x08000243   Thumb Code     0  startup_stm32f40_41xxx.o(.text)
    DMA2_Stream3_IRQHandler                  0x08000243   Thumb Code     0  startup_stm32f40_41xxx.o(.text)
    DMA2_Stream4_IRQHandler                  0x08000243   Thumb Code     0  startup_stm32f40_41xxx.o(.text)
    DMA2_Stream5_IRQHandler                  0x08000243   Thumb Code     0  startup_stm32f40_41xxx.o(.text)
    ETH_IRQHandler                           0x08000243   Thumb Code     0  startup_stm32f40_41xxx.o(.text)
    ETH_WKUP_IRQHandler                      0x08000243   Thumb Code     0  startup_stm32f40_41xxx.o(.text)
    EXTI0_IRQHandler                         0x08000243   Thumb Code     0  startup_stm32f40_41xxx.o(.text)
    EXTI15_10_IRQHandler                     0x08000243   Thumb Code     0  startup_stm32f40_41xxx.o(.text)
    EXTI1_IRQHandler                         0x08000243   Thumb Code     0  startup_stm32f40_41xxx.o(.text)
    EXTI2_IRQHandler                         0x08000243   Thumb Code     0  startup_stm32f40_41xxx.o(.text)
    EXTI3_IRQHandler                         0x08000243   Thumb Code     0  startup_stm32f40_41xxx.o(.text)
    EXTI4_IRQHandler                         0x08000243   Thumb Code     0  startup_stm32f40_41xxx.o(.text)
    EXTI9_5_IRQHandler                       0x08000243   Thumb Code     0  startup_stm32f40_41xxx.o(.text)
    FLASH_IRQHandler                         0x08000243   Thumb Code     0  startup_stm32f40_41xxx.o(.text)
    FPU_IRQHandler                           0x08000243   Thumb Code     0  startup_stm32f40_41xxx.o(.text)
    FSMC_IRQHandler                          0x08000243   Thumb Code     0  startup_stm32f40_41xxx.o(.text)
    HASH_RNG_IRQHandler                      0x08000243   Thumb Code     0  startup_stm32f40_41xxx.o(.text)
    I2C1_ER_IRQHandler                       0x08000243   Thumb Code     0  startup_stm32f40_41xxx.o(.text)
    I2C1_EV_IRQHandler                       0x08000243   Thumb Code     0  startup_stm32f40_41xxx.o(.text)
    I2C2_ER_IRQHandler                       0x08000243   Thumb Code     0  startup_stm32f40_41xxx.o(.text)
    I2C2_EV_IRQHandler                       0x08000243   Thumb Code     0  startup_stm32f40_41xxx.o(.text)
    I2C3_ER_IRQHandler                       0x08000243   Thumb Code     0  startup_stm32f40_41xxx.o(.text)
    I2C3_EV_IRQHandler                       0x08000243   Thumb Code     0  startup_stm32f40_41xxx.o(.text)
    OTG_FS_WKUP_IRQHandler                   0x08000243   Thumb Code     0  startup_stm32f40_41xxx.o(.text)
    OTG_HS_EP1_IN_IRQHandler                 0x08000243   Thumb Code     0  startup_stm32f40_41xxx.o(.text)
    OTG_HS_EP1_OUT_IRQHandler                0x08000243   Thumb Code     0  startup_stm32f40_41xxx.o(.text)
    OTG_HS_IRQHandler                        0x08000243   Thumb Code     0  startup_stm32f40_41xxx.o(.text)
    OTG_HS_WKUP_IRQHandler                   0x08000243   Thumb Code     0  startup_stm32f40_41xxx.o(.text)
    PVD_IRQHandler                           0x08000243   Thumb Code     0  startup_stm32f40_41xxx.o(.text)
    RCC_IRQHandler                           0x08000243   Thumb Code     0  startup_stm32f40_41xxx.o(.text)
    RTC_Alarm_IRQHandler                     0x08000243   Thumb Code     0  startup_stm32f40_41xxx.o(.text)
    RTC_WKUP_IRQHandler                      0x08000243   Thumb Code     0  startup_stm32f40_41xxx.o(.text)
    SDIO_IRQHandler                          0x08000243   Thumb Code     0  startup_stm32f40_41xxx.o(.text)
    SPI1_IRQHandler                          0x08000243   Thumb Code     0  startup_stm32f40_41xxx.o(.text)
    SPI2_IRQHandler                          0x08000243   Thumb Code     0  startup_stm32f40_41xxx.o(.text)
    SPI3_IRQHandler                          0x08000243   Thumb Code     0  startup_stm32f40_41xxx.o(.text)
    TAMP_STAMP_IRQHandler                    0x08000243   Thumb Code     0  startup_stm32f40_41xxx.o(.text)
    TIM1_BRK_TIM9_IRQHandler                 0x08000243   Thumb Code     0  startup_stm32f40_41xxx.o(.text)
    TIM1_CC_IRQHandler                       0x08000243   Thumb Code     0  startup_stm32f40_41xxx.o(.text)
    TIM1_TRG_COM_TIM11_IRQHandler            0x08000243   Thumb Code     0  startup_stm32f40_41xxx.o(.text)
    TIM1_UP_TIM10_IRQHandler                 0x08000243   Thumb Code     0  startup_stm32f40_41xxx.o(.text)
    TIM2_IRQHandler                          0x08000243   Thumb Code     0  startup_stm32f40_41xxx.o(.text)
    TIM6_DAC_IRQHandler                      0x08000243   Thumb Code     0  startup_stm32f40_41xxx.o(.text)
    TIM7_IRQHandler                          0x08000243   Thumb Code     0  startup_stm32f40_41xxx.o(.text)
    TIM8_BRK_TIM12_IRQHandler                0x08000243   Thumb Code     0  startup_stm32f40_41xxx.o(.text)
    TIM8_CC_IRQHandler                       0x08000243   Thumb Code     0  startup_stm32f40_41xxx.o(.text)
    TIM8_TRG_COM_TIM14_IRQHandler            0x08000243   Thumb Code     0  startup_stm32f40_41xxx.o(.text)
    TIM8_UP_TIM13_IRQHandler                 0x08000243   Thumb Code     0  startup_stm32f40_41xxx.o(.text)
    UART4_IRQHandler                         0x08000243   Thumb Code     0  startup_stm32f40_41xxx.o(.text)
    UART5_IRQHandler                         0x08000243   Thumb Code     0  startup_stm32f40_41xxx.o(.text)
    USART3_IRQHandler                        0x08000243   Thumb Code     0  startup_stm32f40_41xxx.o(.text)
    WWDG_IRQHandler                          0x08000243   Thumb Code     0  startup_stm32f40_41xxx.o(.text)
    __user_initial_stackheap                 0x08000245   Thumb Code     0  startup_stm32f40_41xxx.o(.text)
    __aeabi_memcpy                           0x08000269   Thumb Code     0  rt_memcpy_v6.o(.text)
    __rt_memcpy                              0x08000269   Thumb Code   138  rt_memcpy_v6.o(.text)
    _memcpy_lastbytes                        0x080002cf   Thumb Code     0  rt_memcpy_v6.o(.text)
    __aeabi_memclr                           0x080002f3   Thumb Code     0  rt_memclr.o(.text)
    __rt_memclr                              0x080002f3   Thumb Code    68  rt_memclr.o(.text)
    _memset                                  0x080002f7   Thumb Code     0  rt_memclr.o(.text)
    __aeabi_memclr4                          0x08000337   Thumb Code     0  rt_memclr_w.o(.text)
    __aeabi_memclr8                          0x08000337   Thumb Code     0  rt_memclr_w.o(.text)
    __rt_memclr_w                            0x08000337   Thumb Code    78  rt_memclr_w.o(.text)
    _memset_w                                0x0800033b   Thumb Code     0  rt_memclr_w.o(.text)
    __use_two_region_memory                  0x08000385   Thumb Code     2  heapauxi.o(.text)
    __rt_heap_escrow$2region                 0x08000387   Thumb Code     2  heapauxi.o(.text)
    __rt_heap_expand$2region                 0x08000389   Thumb Code     2  heapauxi.o(.text)
    __aeabi_memcpy4                          0x0800038b   Thumb Code     0  rt_memcpy_w.o(.text)
    __aeabi_memcpy8                          0x0800038b   Thumb Code     0  rt_memcpy_w.o(.text)
    __rt_memcpy_w                            0x0800038b   Thumb Code   100  rt_memcpy_w.o(.text)
    _memcpy_lastbytes_aligned                0x080003d3   Thumb Code     0  rt_memcpy_w.o(.text)
    __user_libspace                          0x080003f1   Thumb Code     8  libspace.o(.text)
    __user_perproc_libspace                  0x080003f1   Thumb Code     0  libspace.o(.text)
    __user_perthread_libspace                0x080003f1   Thumb Code     0  libspace.o(.text)
    __user_setup_stackheap                   0x080003f9   Thumb Code    74  sys_stackheap_outer.o(.text)
    exit                                     0x08000443   Thumb Code    12  exit.o(.text)
    _sys_exit                                0x08000451   Thumb Code     8  sys_exit.o(.text)
    __I$use$semihosting                      0x0800045d   Thumb Code     0  use_no_semi.o(.text)
    __use_no_semihosting_swi                 0x0800045d   Thumb Code     2  use_no_semi.o(.text)
    AppCom_recvComm2PCDataProc               0x0800045f   Thumb Code     2  appcommtopc.o(i.AppCom_recvComm2PCDataProc)
    __semihosting_library_function           0x0800045f   Thumb Code     0  indicate_semi.o(.text)
    AppComm_Init                             0x08000461   Thumb Code    24  appcomm.o(i.AppComm_Init)
    AppComm_SendDebugData                    0x0800047d   Thumb Code    10  appcomm.o(i.AppComm_SendDebugData)
    AppIMU_CalibrateIMU                      0x08000489   Thumb Code   276  appimu.o(i.AppIMU_CalibrateIMU)
    AppIMU_Init                              0x080005a9   Thumb Code    24  appimu.o(i.AppIMU_Init)
    AppInit                                  0x080005c9   Thumb Code    40  appmain.o(i.AppInit)
    AppMain                                  0x080005f5   Thumb Code    22  appmain.o(i.AppMain)
    AppShowData                              0x08000611   Thumb Code   130  appcommtopc.o(i.AppShowData)
    AppTimer_Init                            0x080006a1   Thumb Code    48  apptimer.o(i.AppTimer_Init)
    BspSPI_Init                              0x080006d9   Thumb Code    30  bspspi.o(i.BspSPI_Init)
    BspSpi_CS_HIGH                           0x080006f7   Thumb Code     8  bspspi.o(i.BspSpi_CS_HIGH)
    BspSpi_CS_LOW                            0x080006ff   Thumb Code     8  bspspi.o(i.BspSpi_CS_LOW)
    BspTimer_Init                            0x08000709   Thumb Code   146  bsptim.o(i.BspTimer_Init)
    BspUART_Init                             0x080007b1   Thumb Code    30  bspuart.o(i.BspUART_Init)
    BusFault_Handler                         0x080007cf   Thumb Code     2  stm32f4xx_it.o(i.BusFault_Handler)
    DCD_EP_ClrStall                          0x080007d1   Thumb Code    56  usb_dcd.o(i.DCD_EP_ClrStall)
    DCD_EP_Open                              0x08000809   Thumb Code    60  usb_dcd.o(i.DCD_EP_Open)
    DCD_EP_PrepareRx                         0x08000845   Thumb Code    68  usb_dcd.o(i.DCD_EP_PrepareRx)
    DCD_EP_SetAddress                        0x08000889   Thumb Code    16  usb_dcd.o(i.DCD_EP_SetAddress)
    DCD_EP_Stall                             0x08000899   Thumb Code    56  usb_dcd.o(i.DCD_EP_Stall)
    DCD_EP_Tx                                0x080008d1   Thumb Code    62  usb_dcd.o(i.DCD_EP_Tx)
    DMA1_Stream0_IRQHandler                  0x08000dcd   Thumb Code    90  drvimu.o(i.DMA1_Stream0_IRQHandler)
    DMA1_Stream5_IRQHandler                  0x08000e3d   Thumb Code    60  drvcom.o(i.DMA1_Stream5_IRQHandler)
    DMA1_Stream6_IRQHandler                  0x08000e85   Thumb Code    52  drvcom.o(i.DMA1_Stream6_IRQHandler)
    DMA2_Stream1_IRQHandler                  0x08000ec5   Thumb Code    60  drvcom.o(i.DMA2_Stream1_IRQHandler)
    DMA2_Stream2_IRQHandler                  0x08000f0d   Thumb Code    56  drvcom.o(i.DMA2_Stream2_IRQHandler)
    DMA2_Stream6_IRQHandler                  0x08000f51   Thumb Code    52  drvcom.o(i.DMA2_Stream6_IRQHandler)
    DMA2_Stream7_IRQHandler                  0x08000f91   Thumb Code    48  drvcom.o(i.DMA2_Stream7_IRQHandler)
    DMA_ClearITPendingBit                    0x08000fcd   Thumb Code    32  stm32f4xx_dma.o(i.DMA_ClearITPendingBit)
    DMA_Cmd                                  0x08000ff9   Thumb Code    20  stm32f4xx_dma.o(i.DMA_Cmd)
    DMA_DeInit                               0x0800100d   Thumb Code   272  stm32f4xx_dma.o(i.DMA_DeInit)
    DMA_GetCmdStatus                         0x08001131   Thumb Code    14  stm32f4xx_dma.o(i.DMA_GetCmdStatus)
    DMA_GetCurrDataCounter                   0x0800113f   Thumb Code     6  stm32f4xx_dma.o(i.DMA_GetCurrDataCounter)
    DMA_GetITStatus                          0x08001145   Thumb Code    68  stm32f4xx_dma.o(i.DMA_GetITStatus)
    DMA_ITConfig                             0x08001199   Thumb Code    44  stm32f4xx_dma.o(i.DMA_ITConfig)
    DMA_Init                                 0x080011c5   Thumb Code    80  stm32f4xx_dma.o(i.DMA_Init)
    DMA_SetCurrDataCounter                   0x08001219   Thumb Code     4  stm32f4xx_dma.o(i.DMA_SetCurrDataCounter)
    DMA_StructInit                           0x0800121d   Thumb Code    34  stm32f4xx_dma.o(i.DMA_StructInit)
    DebugMon_Handler                         0x0800123f   Thumb Code     2  stm32f4xx_it.o(i.DebugMon_Handler)
    DrvCom_Init                              0x080012b5   Thumb Code   508  drvcom.o(i.DrvCom_Init)
    DrvCom_RegisterRxHandler                 0x080014e1   Thumb Code    12  drvcom.o(i.DrvCom_RegisterRxHandler)
    DrvCom_SendData                          0x080014f1   Thumb Code    74  drvcom.o(i.DrvCom_SendData)
    DrvImu_Init                              0x08001541   Thumb Code   162  drvimu.o(i.DrvImu_Init)
    DrvImu_Read                              0x080015f5   Thumb Code    12  drvimu.o(i.DrvImu_Read)
    DrvImu_RegisterRecvDataHandler           0x08001605   Thumb Code    16  drvimu.o(i.DrvImu_RegisterRecvDataHandler)
    DrvLed_Init                              0x08001619   Thumb Code    52  drvgpio.o(i.DrvLed_Init)
    DrvLed_OFF                               0x08001651   Thumb Code    12  drvgpio.o(i.DrvLed_OFF)
    DrvLed_Toggle                            0x08001661   Thumb Code    10  drvgpio.o(i.DrvLed_Toggle)
    DrvMPU6500_CS_HIGH                       0x08001671   Thumb Code     4  drvmpu6500.o(i.DrvMPU6500_CS_HIGH)
    DrvMPU6500_Init                          0x08001675   Thumb Code    22  drvmpu6500.o(i.DrvMPU6500_Init)
    DrvMPU6500_Read                          0x0800168b   Thumb Code   122  drvmpu6500.o(i.DrvMPU6500_Read)
    DrvMPU6500_ReadReg                       0x08001705   Thumb Code    92  drvmpu6500.o(i.DrvMPU6500_ReadReg)
    DrvMPU6500_WriteReg                      0x08001761   Thumb Code    78  drvmpu6500.o(i.DrvMPU6500_WriteReg)
    DrvMPU6500_spiMasterRxCpltCallback       0x080017b1   Thumb Code   314  drvmpu6500.o(i.DrvMPU6500_spiMasterRxCpltCallback)
    DrvTim_Init                              0x080018f9   Thumb Code   136  drvtim.o(i.DrvTim_Init)
    DrvTim_RegisterIsrHandler                0x08001991   Thumb Code    34  drvtim.o(i.DrvTim_RegisterIsrHandler)
    FastSqrt                                 0x080019e1   Thumb Code    16  public.o(i.FastSqrt)
    FastSqrtI                                0x080019f1   Thumb Code    40  public.o(i.FastSqrtI)
    GPIO_Init                                0x08001a25   Thumb Code   162  stm32f4xx_gpio.o(i.GPIO_Init)
    GPIO_PinAFConfig                         0x08001ac7   Thumb Code    32  stm32f4xx_gpio.o(i.GPIO_PinAFConfig)
    GPIO_StructInit                          0x08001ae7   Thumb Code    18  stm32f4xx_gpio.o(i.GPIO_StructInit)
    GPIO_ToggleBits                          0x08001af9   Thumb Code     8  stm32f4xx_gpio.o(i.GPIO_ToggleBits)
    GPIO_WriteBit                            0x08001b01   Thumb Code    10  stm32f4xx_gpio.o(i.GPIO_WriteBit)
    GetCheckSum8                             0x08001b0b   Thumb Code    24  public.o(i.GetCheckSum8)
    HardFault_Handler                        0x08001b23   Thumb Code     2  stm32f4xx_it.o(i.HardFault_Handler)
    IMU_Camera_DataHandle                    0x08001b25   Thumb Code   206  appimu.o(i.IMU_Camera_DataHandle)
    MY_float2buf                             0x08001c01   Thumb Code    20  appcommtopc.o(i.MY_float2buf)
    Matrix_Inverse                           0x08001c15   Thumb Code   560  minimatrix.o(i.Matrix_Inverse)
    Matrix_Multiply                          0x08001e49   Thumb Code   202  minimatrix.o(i.Matrix_Multiply)
    Matrix_Multiply_With_Transpose           0x08001f19   Thumb Code    86  minimatrix.o(i.Matrix_Multiply_With_Transpose)
    Maxtrix_Add                              0x08001f75   Thumb Code   118  minimatrix.o(i.Maxtrix_Add)
    MemManage_Handler                        0x08001feb   Thumb Code     2  stm32f4xx_it.o(i.MemManage_Handler)
    NMI_Handler                              0x08001fed   Thumb Code     2  stm32f4xx_it.o(i.NMI_Handler)
    NVIC_Init                                0x08001ff1   Thumb Code    96  misc.o(i.NVIC_Init)
    NVIC_PriorityGroupConfig                 0x08002055   Thumb Code    10  misc.o(i.NVIC_PriorityGroupConfig)
    OTG_FS_IRQHandler                        0x08002069   Thumb Code     6  drvusb.o(i.OTG_FS_IRQHandler)
    PendSV_Handler                           0x08002075   Thumb Code     2  stm32f4xx_it.o(i.PendSV_Handler)
    Quaterion_ToCosMatrix                    0x08002077   Thumb Code   274  public.o(i.Quaterion_ToCosMatrix)
    Quaternion_ToEuler                       0x08002189   Thumb Code   166  public.o(i.Quaternion_ToEuler)
    RCC_AHB1PeriphClockCmd                   0x08002241   Thumb Code    18  stm32f4xx_rcc.o(i.RCC_AHB1PeriphClockCmd)
    RCC_APB1PeriphClockCmd                   0x08002259   Thumb Code    18  stm32f4xx_rcc.o(i.RCC_APB1PeriphClockCmd)
    RCC_APB1PeriphResetCmd                   0x08002271   Thumb Code    18  stm32f4xx_rcc.o(i.RCC_APB1PeriphResetCmd)
    RCC_APB2PeriphClockCmd                   0x08002289   Thumb Code    18  stm32f4xx_rcc.o(i.RCC_APB2PeriphClockCmd)
    RCC_APB2PeriphResetCmd                   0x080022a1   Thumb Code    18  stm32f4xx_rcc.o(i.RCC_APB2PeriphResetCmd)
    RCC_GetClocksFreq                        0x080022b9   Thumb Code   132  stm32f4xx_rcc.o(i.RCC_GetClocksFreq)
    SPI_Cmd                                  0x08002349   Thumb Code    20  stm32f4xx_spi.o(i.SPI_Cmd)
    SPI_I2S_DMACmd                           0x0800255b   Thumb Code    16  stm32f4xx_spi.o(i.SPI_I2S_DMACmd)
    SPI_I2S_DeInit                           0x0800256d   Thumb Code   108  stm32f4xx_spi.o(i.SPI_I2S_DeInit)
    SPI_I2S_ITConfig                         0x080025f1   Thumb Code    24  stm32f4xx_spi.o(i.SPI_I2S_ITConfig)
    SPI_Init                                 0x08002609   Thumb Code    56  stm32f4xx_spi.o(i.SPI_Init)
    SVC_Handler                              0x080026d7   Thumb Code     2  stm32f4xx_it.o(i.SVC_Handler)
    SysTick_Handler                          0x08002789   Thumb Code     4  systick.o(i.SysTick_Handler)
    SystemInit                               0x0800278d   Thumb Code    74  system_stm32f4xx.o(i.SystemInit)
    TIM3_IRQHandler                          0x080027e9   Thumb Code    36  drvtim.o(i.TIM3_IRQHandler)
    TIM4_IRQHandler                          0x08002811   Thumb Code    36  drvtim.o(i.TIM4_IRQHandler)
    TIM5_IRQHandler                          0x08002839   Thumb Code    36  drvtim.o(i.TIM5_IRQHandler)
    TIM_ClearITPendingBit                    0x08002861   Thumb Code     6  stm32f4xx_tim.o(i.TIM_ClearITPendingBit)
    TIM_Cmd                                  0x08002867   Thumb Code    20  stm32f4xx_tim.o(i.TIM_Cmd)
    TIM_GetITStatus                          0x0800287b   Thumb Code    24  stm32f4xx_tim.o(i.TIM_GetITStatus)
    TIM_ITConfig                             0x08002893   Thumb Code    16  stm32f4xx_tim.o(i.TIM_ITConfig)
    TIM_TimeBaseInit                         0x080028a5   Thumb Code    96  stm32f4xx_tim.o(i.TIM_TimeBaseInit)
    Timer_isrProc                            0x08002921   Thumb Code    52  drvtim.o(i.Timer_isrProc)
    USART1_IRQHandler                        0x08002b8b   Thumb Code     6  drvcom.o(i.USART1_IRQHandler)
    USART2_IRQHandler                        0x08002b91   Thumb Code     6  drvcom.o(i.USART2_IRQHandler)
    USART6_IRQHandler                        0x08002b97   Thumb Code     6  drvcom.o(i.USART6_IRQHandler)
    USART_ClearFlag                          0x08002b9d   Thumb Code     6  stm32f4xx_usart.o(i.USART_ClearFlag)
    USART_ClearITPendingBit                  0x08002ba3   Thumb Code    12  stm32f4xx_usart.o(i.USART_ClearITPendingBit)
    USART_Cmd                                0x08002baf   Thumb Code    20  stm32f4xx_usart.o(i.USART_Cmd)
    USART_DMACmd                             0x08002bc3   Thumb Code    16  stm32f4xx_usart.o(i.USART_DMACmd)
    USART_DeInit                             0x08002bd5   Thumb Code   138  stm32f4xx_usart.o(i.USART_DeInit)
    USART_GetITStatus                        0x08002c81   Thumb Code    62  stm32f4xx_usart.o(i.USART_GetITStatus)
    USART_ITConfig                           0x08002cbf   Thumb Code    48  stm32f4xx_usart.o(i.USART_ITConfig)
    USART_Init                               0x08002cf1   Thumb Code   164  stm32f4xx_usart.o(i.USART_Init)
    USBD_ClrCfg                              0x08002d9d   Thumb Code    14  usbd_core.o(i.USBD_ClrCfg)
    USBD_CtlContinueRx                       0x08002dab   Thumb Code    18  usbd_ioreq.o(i.USBD_CtlContinueRx)
    USBD_CtlContinueSendData                 0x08002dbd   Thumb Code    18  usbd_ioreq.o(i.USBD_CtlContinueSendData)
    USBD_CtlError                            0x08002dcf   Thumb Code    28  usbd_req.o(i.USBD_CtlError)
    USBD_CtlReceiveStatus                    0x08002deb   Thumb Code    34  usbd_ioreq.o(i.USBD_CtlReceiveStatus)
    USBD_CtlSendData                         0x08002e0d   Thumb Code    32  usbd_ioreq.o(i.USBD_CtlSendData)
    USBD_CtlSendStatus                       0x08002e2d   Thumb Code    34  usbd_ioreq.o(i.USBD_CtlSendStatus)
    USBD_OTG_ISR_Handler                     0x08003059   Thumb Code   236  usb_dcd_int.o(i.USBD_OTG_ISR_Handler)
    USBD_ParseSetupRequest                   0x08003149   Thumb Code    68  usbd_req.o(i.USBD_ParseSetupRequest)
    USBD_SetCfg                              0x080031e1   Thumb Code    26  usbd_core.o(i.USBD_SetCfg)
    USBD_StdDevReq                           0x08003335   Thumb Code   236  usbd_req.o(i.USBD_StdDevReq)
    USBD_StdEPReq                            0x08003425   Thumb Code   236  usbd_req.o(i.USBD_StdEPReq)
    USBD_StdItfReq                           0x08003515   Thumb Code    54  usbd_req.o(i.USBD_StdItfReq)
    USB_OTG_BSP_uDelay                       0x08003567   Thumb Code    22  usb_bsp.o(i.USB_OTG_BSP_uDelay)
    USB_OTG_EP0Activate                      0x0800357d   Thumb Code    54  usb_core.o(i.USB_OTG_EP0Activate)
    USB_OTG_EP0StartXfer                     0x080035b5   Thumb Code   174  usb_core.o(i.USB_OTG_EP0StartXfer)
    USB_OTG_EP0_OutStart                     0x08003665   Thumb Code    32  usb_core.o(i.USB_OTG_EP0_OutStart)
    USB_OTG_EPActivate                       0x08003689   Thumb Code    82  usb_core.o(i.USB_OTG_EPActivate)
    USB_OTG_EPClearStall                     0x080036db   Thumb Code    50  usb_core.o(i.USB_OTG_EPClearStall)
    USB_OTG_EPSetStall                       0x0800370d   Thumb Code    48  usb_core.o(i.USB_OTG_EPSetStall)
    USB_OTG_EPStartXfer                      0x0800373d   Thumb Code   296  usb_core.o(i.USB_OTG_EPStartXfer)
    USB_OTG_FlushTxFifo                      0x08003865   Thumb Code    60  usb_core.o(i.USB_OTG_FlushTxFifo)
    USB_OTG_GetDeviceSpeed                   0x080038a5   Thumb Code    30  usb_core.o(i.USB_OTG_GetDeviceSpeed)
    USB_OTG_IsDeviceMode                     0x080038c3   Thumb Code    18  usb_core.o(i.USB_OTG_IsDeviceMode)
    USB_OTG_ReadCoreItr                      0x080038d5   Thumb Code    10  usb_core.o(i.USB_OTG_ReadCoreItr)
    USB_OTG_ReadDevAllInEPItr                0x080038df   Thumb Code    12  usb_core.o(i.USB_OTG_ReadDevAllInEPItr)
    USB_OTG_ReadDevAllOutEp_itr              0x080038eb   Thumb Code    12  usb_core.o(i.USB_OTG_ReadDevAllOutEp_itr)
    USB_OTG_ReadDevOutEP_itr                 0x080038f7   Thumb Code    16  usb_core.o(i.USB_OTG_ReadDevOutEP_itr)
    USB_OTG_ReadPacket                       0x08003907   Thumb Code    32  usb_core.o(i.USB_OTG_ReadPacket)
    USB_OTG_WritePacket                      0x08003927   Thumb Code    40  usb_core.o(i.USB_OTG_WritePacket)
    UsageFault_Handler                       0x0800394f   Thumb Code     2  stm32f4xx_it.o(i.UsageFault_Handler)
    __ARM_fpclassify                         0x08003951   Thumb Code    48  fpclassify.o(i.__ARM_fpclassify)
    __hardfp_atan                            0x08003981   Thumb Code   632  atan.o(i.__hardfp_atan)
    __kernel_poly                            0x08003c61   Thumb Code   248  poly.o(i.__kernel_poly)
    __mathlib_dbl_underflow                  0x08003d59   Thumb Code    24  dunder.o(i.__mathlib_dbl_underflow)
    arctan2                                  0x08003d79   Thumb Code   132  public.o(i.arctan2)
    fabs                                     0x08003e0d   Thumb Code    24  fabs.o(i.fabs)
    gimbal_ekff_isr                          0x08003e25   Thumb Code    44  apptimer.o(i.gimbal_ekff_isr)
    gimbal_readImu_isr                       0x08003e55   Thumb Code    98  apptimer.o(i.gimbal_readImu_isr)
    main                                     0x08003ec5   Thumb Code    10  main.o(i.main)
    miniEKF_Init                             0x08004001   Thumb Code   170  miniekf.o(i.miniEKF_Init)
    miniEKF_Update                           0x080040bd   Thumb Code  1106  miniekf.o(i.miniEKF_Update)
    sysTick_IncTick                          0x08004515   Thumb Code    10  systick.o(i.sysTick_IncTick)
    __aeabi_dneg                             0x08004525   Thumb Code     0  basic.o(x$fpl$basic)
    _dneg                                    0x08004525   Thumb Code     6  basic.o(x$fpl$basic)
    __aeabi_fneg                             0x0800452b   Thumb Code     0  basic.o(x$fpl$basic)
    _fneg                                    0x0800452b   Thumb Code     6  basic.o(x$fpl$basic)
    _dabs                                    0x08004531   Thumb Code     6  basic.o(x$fpl$basic)
    _fabs                                    0x08004537   Thumb Code     6  basic.o(x$fpl$basic)
    __aeabi_d2f                              0x0800453d   Thumb Code     0  d2f.o(x$fpl$d2f)
    _d2f                                     0x0800453d   Thumb Code    98  d2f.o(x$fpl$d2f)
    __aeabi_dadd                             0x080045a1   Thumb Code     0  daddsub_clz.o(x$fpl$dadd)
    _dadd                                    0x080045a1   Thumb Code   332  daddsub_clz.o(x$fpl$dadd)
    __aeabi_ddiv                             0x080046f1   Thumb Code     0  ddiv.o(x$fpl$ddiv)
    _ddiv                                    0x080046f1   Thumb Code   552  ddiv.o(x$fpl$ddiv)
    __aeabi_dmul                             0x080049a1   Thumb Code     0  dmul.o(x$fpl$dmul)
    _dmul                                    0x080049a1   Thumb Code   332  dmul.o(x$fpl$dmul)
    __fpl_dnaninf                            0x08004af5   Thumb Code   156  dnaninf.o(x$fpl$dnaninf)
    __fpl_dretinf                            0x08004b91   Thumb Code    12  dretinf.o(x$fpl$dretinf)
    __aeabi_drsub                            0x08004b9d   Thumb Code     0  daddsub_clz.o(x$fpl$drsb)
    _drsb                                    0x08004b9d   Thumb Code    22  daddsub_clz.o(x$fpl$drsb)
    __aeabi_dsub                             0x08004bb5   Thumb Code     0  daddsub_clz.o(x$fpl$dsub)
    _dsub                                    0x08004bb5   Thumb Code   464  daddsub_clz.o(x$fpl$dsub)
    __aeabi_f2d                              0x08004d89   Thumb Code     0  f2d.o(x$fpl$f2d)
    _f2d                                     0x08004d89   Thumb Code    86  f2d.o(x$fpl$f2d)
    __fpl_fnaninf                            0x08004ddf   Thumb Code   140  fnaninf.o(x$fpl$fnaninf)
    _fp_init                                 0x08004e6b   Thumb Code    10  fpinit.o(x$fpl$fpinit)
    __fplib_config_fpu_vfp                   0x08004e73   Thumb Code     0  fpinit.o(x$fpl$fpinit)
    __fplib_config_pureend_doubles           0x08004e73   Thumb Code     0  fpinit.o(x$fpl$fpinit)
    __fpl_fretinf                            0x08004e75   Thumb Code    10  fretinf.o(x$fpl$fretinf)
    __I$use$fp                               0x08004e7e   Number         0  usenofp.o(x$fpl$usenofp)
    Region$$Table$$Base                      0x08004f28   Number         0  anon$$obj.o(Region$$Table)
    Region$$Table$$Limit                     0x08004f48   Number         0  anon$$obj.o(Region$$Table)
    imuAccBiasCnt                            0x20000000   Data           4  appimu.o(.data)
    imuGyroBiasCnt                           0x20000004   Data           4  appimu.o(.data)
    sysShowDebugFlag                         0x20000008   Data           1  apptimer.o(.data)
    sysCalibrateImuFlag                      0x20000009   Data           1  apptimer.o(.data)
    sysRumTime1s                             0x2000000c   Data           4  apptimer.o(.data)
    SystemCoreClock                          0x20000028   Data           4  system_stm32f4xx.o(.data)
    AHBPrescTable                            0x2000002c   Data          16  system_stm32f4xx.o(.data)
    uwTick                                   0x2000003c   Data           4  systick.o(.data)
    USBD_DCD_INT_cb                          0x20000040   Data          44  usbd_core.o(.data)
    USBD_DCD_INT_fops                        0x2000006c   Data           4  usbd_core.o(.data)
    SET_TEST_MODE                            0x20000070   Data           4  usbd_core.o(.data)
    USBD_ep_status                           0x20000078   Data           4  usbd_req.o(.data)
    USBD_default_cfg                         0x2000007c   Data           4  usbd_req.o(.data)
    USBD_cfg_status                          0x20000080   Data           4  usbd_req.o(.data)
    packageTxMsgBuf                          0x20000084   Data         256  appcomm.o(.bss)
    IMU_Data                                 0x20000184   Data          28  appimu.o(.bss)
    imu_bias                                 0x200001a0   Data          24  appimu.o(.bss)
    imu_raw                                  0x200001b8   Data          24  appimu.o(.bss)
    sumIMU                                   0x200001d0   Data          24  appimu.o(.bss)
    miniEKF                                  0x200001e8   Data        1696  appimu.o(.bss)
    showData                                 0x20000888   Data          48  appcommtopc.o(.bss)
    DrvMPU6500CameraTxDmaBuf                 0x200008b8   Data          32  drvimu.o(.bss)
    DrvMPU6500CameraRxDmaBuf                 0x200008d8   Data          32  drvimu.o(.bss)
    mpu6500DataCamera                        0x200008f8   Data         188  drvimu.o(.bss)
    pDrvTimerTask                            0x200009b4   Data          16  drvtim.o(.bss)
    drvTimerArry                             0x200009c4   Data         128  drvtim.o(.bss)
    DrvComDMARxBuf1                          0x20000a44   Data         128  drvcom.o(.bss)
    DrvComDMATxBuf1                          0x20000ac4   Data         128  drvcom.o(.bss)
    DrvComDMARxBuf2                          0x20000b44   Data         128  drvcom.o(.bss)
    DrvComDMATxBuf2                          0x20000bc4   Data         128  drvcom.o(.bss)
    DrvComDMARxBuf6                          0x20000c44   Data         512  drvcom.o(.bss)
    DrvComDMATxBuf6                          0x20000e44   Data         512  drvcom.o(.bss)
    drvUartArry                              0x20001044   Data         312  drvcom.o(.bss)
    pDrvCom_RxDataProc                       0x2000117c   Data          12  drvcom.o(.bss)
    USB_OTG_dev                              0x20001188   Data        1524  drvusb.o(.bss)
    __libspace_start                         0x2000177c   Data          96  libspace.o(.bss)
    __temporary_stack_top$libspace           0x200017dc   Data           0  libspace.o(.bss)



==============================================================================

Memory Map of the image

  Image Entry point : 0x08000189

  Load Region LR_IROM1 (Base: 0x08000000, Size: 0x00004fcc, Max: 0x00100000, ABSOLUTE)

    Execution Region ER_IROM1 (Base: 0x08000000, Size: 0x00004f48, Max: 0x00100000, ABSOLUTE)

    Base Addr    Size         Type   Attr      Idx    E Section Name        Object

    0x08000000   0x00000188   Data   RO         2739    RESET               startup_stm32f40_41xxx.o
    0x08000188   0x00000008   Code   RO         4538  * !!!main             c_w.l(__main.o)
    0x08000190   0x00000034   Code   RO         4785    !!!scatter          c_w.l(__scatter.o)
    0x080001c4   0x0000001a   Code   RO         4787    !!handler_copy      c_w.l(__scatter_copy.o)
    0x080001de   0x00000002   PAD
    0x080001e0   0x0000001c   Code   RO         4789    !!handler_zi        c_w.l(__scatter_zi.o)
    0x080001fc   0x00000002   Code   RO         4661    .ARM.Collect$$libinit$$00000000  c_w.l(libinit.o)
    0x080001fe   0x00000004   Code   RO         4664    .ARM.Collect$$libinit$$00000001  c_w.l(libinit2.o)
    0x08000202   0x00000000   Code   RO         4668    .ARM.Collect$$libinit$$00000008  c_w.l(libinit2.o)
    0x08000202   0x00000000   Code   RO         4670    .ARM.Collect$$libinit$$0000000A  c_w.l(libinit2.o)
    0x08000202   0x00000000   Code   RO         4672    .ARM.Collect$$libinit$$0000000C  c_w.l(libinit2.o)
    0x08000202   0x00000000   Code   RO         4675    .ARM.Collect$$libinit$$0000000F  c_w.l(libinit2.o)
    0x08000202   0x00000000   Code   RO         4677    .ARM.Collect$$libinit$$00000011  c_w.l(libinit2.o)
    0x08000202   0x00000000   Code   RO         4679    .ARM.Collect$$libinit$$00000013  c_w.l(libinit2.o)
    0x08000202   0x00000000   Code   RO         4681    .ARM.Collect$$libinit$$00000015  c_w.l(libinit2.o)
    0x08000202   0x00000000   Code   RO         4683    .ARM.Collect$$libinit$$00000017  c_w.l(libinit2.o)
    0x08000202   0x00000000   Code   RO         4685    .ARM.Collect$$libinit$$00000019  c_w.l(libinit2.o)
    0x08000202   0x00000000   Code   RO         4687    .ARM.Collect$$libinit$$0000001B  c_w.l(libinit2.o)
    0x08000202   0x00000000   Code   RO         4689    .ARM.Collect$$libinit$$0000001D  c_w.l(libinit2.o)
    0x08000202   0x00000000   Code   RO         4691    .ARM.Collect$$libinit$$0000001F  c_w.l(libinit2.o)
    0x08000202   0x00000000   Code   RO         4693    .ARM.Collect$$libinit$$00000021  c_w.l(libinit2.o)
    0x08000202   0x00000000   Code   RO         4695    .ARM.Collect$$libinit$$00000023  c_w.l(libinit2.o)
    0x08000202   0x00000000   Code   RO         4699    .ARM.Collect$$libinit$$0000002A  c_w.l(libinit2.o)
    0x08000202   0x00000000   Code   RO         4701    .ARM.Collect$$libinit$$0000002C  c_w.l(libinit2.o)
    0x08000202   0x00000000   Code   RO         4703    .ARM.Collect$$libinit$$0000002E  c_w.l(libinit2.o)
    0x08000202   0x00000000   Code   RO         4705    .ARM.Collect$$libinit$$00000030  c_w.l(libinit2.o)
    0x08000202   0x00000002   Code   RO         4706    .ARM.Collect$$libinit$$00000031  c_w.l(libinit2.o)
    0x08000204   0x00000002   Code   RO         4726    .ARM.Collect$$libshutdown$$00000000  c_w.l(libshutdown.o)
    0x08000206   0x00000000   Code   RO         4740    .ARM.Collect$$libshutdown$$00000003  c_w.l(libshutdown2.o)
    0x08000206   0x00000000   Code   RO         4743    .ARM.Collect$$libshutdown$$00000006  c_w.l(libshutdown2.o)
    0x08000206   0x00000000   Code   RO         4746    .ARM.Collect$$libshutdown$$00000009  c_w.l(libshutdown2.o)
    0x08000206   0x00000000   Code   RO         4748    .ARM.Collect$$libshutdown$$0000000B  c_w.l(libshutdown2.o)
    0x08000206   0x00000000   Code   RO         4751    .ARM.Collect$$libshutdown$$0000000E  c_w.l(libshutdown2.o)
    0x08000206   0x00000002   Code   RO         4752    .ARM.Collect$$libshutdown$$0000000F  c_w.l(libshutdown2.o)
    0x08000208   0x00000000   Code   RO         4582    .ARM.Collect$$rtentry$$00000000  c_w.l(rtentry.o)
    0x08000208   0x00000000   Code   RO         4630    .ARM.Collect$$rtentry$$00000002  c_w.l(rtentry2.o)
    0x08000208   0x00000006   Code   RO         4642    .ARM.Collect$$rtentry$$00000004  c_w.l(rtentry4.o)
    0x0800020e   0x00000000   Code   RO         4632    .ARM.Collect$$rtentry$$00000009  c_w.l(rtentry2.o)
    0x0800020e   0x00000004   Code   RO         4633    .ARM.Collect$$rtentry$$0000000A  c_w.l(rtentry2.o)
    0x08000212   0x00000000   Code   RO         4635    .ARM.Collect$$rtentry$$0000000C  c_w.l(rtentry2.o)
    0x08000212   0x00000008   Code   RO         4636    .ARM.Collect$$rtentry$$0000000D  c_w.l(rtentry2.o)
    0x0800021a   0x00000002   Code   RO         4662    .ARM.Collect$$rtexit$$00000000  c_w.l(rtexit.o)
    0x0800021c   0x00000000   Code   RO         4708    .ARM.Collect$$rtexit$$00000002  c_w.l(rtexit2.o)
    0x0800021c   0x00000004   Code   RO         4709    .ARM.Collect$$rtexit$$00000003  c_w.l(rtexit2.o)
    0x08000220   0x00000006   Code   RO         4710    .ARM.Collect$$rtexit$$00000004  c_w.l(rtexit2.o)
    0x08000226   0x00000002   PAD
    0x08000228   0x00000040   Code   RO         2740    .text               startup_stm32f40_41xxx.o
    0x08000268   0x0000008a   Code   RO         4530    .text               c_w.l(rt_memcpy_v6.o)
    0x080002f2   0x00000044   Code   RO         4532    .text               c_w.l(rt_memclr.o)
    0x08000336   0x0000004e   Code   RO         4534    .text               c_w.l(rt_memclr_w.o)
    0x08000384   0x00000006   Code   RO         4536    .text               c_w.l(heapauxi.o)
    0x0800038a   0x00000064   Code   RO         4585    .text               c_w.l(rt_memcpy_w.o)
    0x080003ee   0x00000002   PAD
    0x080003f0   0x00000008   Code   RO         4649    .text               c_w.l(libspace.o)
    0x080003f8   0x0000004a   Code   RO         4652    .text               c_w.l(sys_stackheap_outer.o)
    0x08000442   0x0000000c   Code   RO         4654    .text               c_w.l(exit.o)
    0x0800044e   0x00000002   PAD
    0x08000450   0x0000000c   Code   RO         4718    .text               c_w.l(sys_exit.o)
    0x0800045c   0x00000002   Code   RO         4729    .text               c_w.l(use_no_semi.o)
    0x0800045e   0x00000000   Code   RO         4731    .text               c_w.l(indicate_semi.o)
    0x0800045e   0x00000002   Code   RO          307    i.AppCom_recvComm2PCDataProc  appcommtopc.o
    0x08000460   0x0000001c   Code   RO            4    i.AppComm_Init      appcomm.o
    0x0800047c   0x0000000a   Code   RO            5    i.AppComm_SendDebugData  appcomm.o
    0x08000486   0x00000002   PAD
    0x08000488   0x00000120   Code   RO          258    i.AppIMU_CalibrateIMU  appimu.o
    0x080005a8   0x00000020   Code   RO          260    i.AppIMU_Init       appimu.o
    0x080005c8   0x0000002c   Code   RO          161    i.AppInit           appmain.o
    0x080005f4   0x0000001c   Code   RO          162    i.AppMain           appmain.o
    0x08000610   0x00000090   Code   RO          308    i.AppShowData       appcommtopc.o
    0x080006a0   0x00000038   Code   RO          354    i.AppTimer_Init     apptimer.o
    0x080006d8   0x0000001e   Code   RO         3806    i.BspSPI_Init       bspspi.o
    0x080006f6   0x00000008   Code   RO         3807    i.BspSpi_CS_HIGH    bspspi.o
    0x080006fe   0x00000008   Code   RO         3808    i.BspSpi_CS_LOW     bspspi.o
    0x08000706   0x00000002   PAD
    0x08000708   0x000000a8   Code   RO         3865    i.BspTimer_Init     bsptim.o
    0x080007b0   0x0000001e   Code   RO         3759    i.BspUART_Init      bspuart.o
    0x080007ce   0x00000002   Code   RO         2639    i.BusFault_Handler  stm32f4xx_it.o
    0x080007d0   0x00000038   Code   RO         2947    i.DCD_EP_ClrStall   usb_dcd.o
    0x08000808   0x0000003c   Code   RO         2949    i.DCD_EP_Open       usb_dcd.o
    0x08000844   0x00000044   Code   RO         2950    i.DCD_EP_PrepareRx  usb_dcd.o
    0x08000888   0x00000010   Code   RO         2951    i.DCD_EP_SetAddress  usb_dcd.o
    0x08000898   0x00000038   Code   RO         2952    i.DCD_EP_Stall      usb_dcd.o
    0x080008d0   0x0000003e   Code   RO         2953    i.DCD_EP_Tx         usb_dcd.o
    0x0800090e   0x00000002   PAD
    0x08000910   0x0000014c   Code   RO         3058    i.DCD_HandleEnumDone_ISR  usb_dcd_int.o
    0x08000a5c   0x000000c0   Code   RO         3059    i.DCD_HandleInEP_ISR  usb_dcd_int.o
    0x08000b1c   0x000000ac   Code   RO         3060    i.DCD_HandleOutEP_ISR  usb_dcd_int.o
    0x08000bc8   0x0000007c   Code   RO         3061    i.DCD_HandleRxStatusQueueLevel_ISR  usb_dcd_int.o
    0x08000c44   0x00000070   Code   RO         3062    i.DCD_HandleUSBSuspend_ISR  usb_dcd_int.o
    0x08000cb4   0x00000084   Code   RO         3063    i.DCD_HandleUsbReset_ISR  usb_dcd_int.o
    0x08000d38   0x00000094   Code   RO         3064    i.DCD_WriteEmptyTxFifo  usb_dcd_int.o
    0x08000dcc   0x00000070   Code   RO         4194    i.DMA1_Stream0_IRQHandler  drvimu.o
    0x08000e3c   0x00000048   Code   RO         4313    i.DMA1_Stream5_IRQHandler  drvcom.o
    0x08000e84   0x00000040   Code   RO         4314    i.DMA1_Stream6_IRQHandler  drvcom.o
    0x08000ec4   0x00000048   Code   RO         4315    i.DMA2_Stream1_IRQHandler  drvcom.o
    0x08000f0c   0x00000044   Code   RO         4316    i.DMA2_Stream2_IRQHandler  drvcom.o
    0x08000f50   0x00000040   Code   RO         4317    i.DMA2_Stream6_IRQHandler  drvcom.o
    0x08000f90   0x0000003c   Code   RO         4318    i.DMA2_Stream7_IRQHandler  drvcom.o
    0x08000fcc   0x0000002c   Code   RO          458    i.DMA_ClearITPendingBit  stm32f4xx_dma.o
    0x08000ff8   0x00000014   Code   RO          459    i.DMA_Cmd           stm32f4xx_dma.o
    0x0800100c   0x00000124   Code   RO          460    i.DMA_DeInit        stm32f4xx_dma.o
    0x08001130   0x0000000e   Code   RO          464    i.DMA_GetCmdStatus  stm32f4xx_dma.o
    0x0800113e   0x00000006   Code   RO          465    i.DMA_GetCurrDataCounter  stm32f4xx_dma.o
    0x08001144   0x00000054   Code   RO          469    i.DMA_GetITStatus   stm32f4xx_dma.o
    0x08001198   0x0000002c   Code   RO          470    i.DMA_ITConfig      stm32f4xx_dma.o
    0x080011c4   0x00000054   Code   RO          471    i.DMA_Init          stm32f4xx_dma.o
    0x08001218   0x00000004   Code   RO          474    i.DMA_SetCurrDataCounter  stm32f4xx_dma.o
    0x0800121c   0x00000022   Code   RO          475    i.DMA_StructInit    stm32f4xx_dma.o
    0x0800123e   0x00000002   Code   RO         2640    i.DebugMon_Handler  stm32f4xx_it.o
    0x08001240   0x00000074   Code   RO         4319    i.DrvCom_Idle_IRQHandler  drvcom.o
    0x080012b4   0x0000022c   Code   RO         4320    i.DrvCom_Init       drvcom.o
    0x080014e0   0x00000010   Code   RO         4321    i.DrvCom_RegisterRxHandler  drvcom.o
    0x080014f0   0x00000050   Code   RO         4322    i.DrvCom_SendData   drvcom.o
    0x08001540   0x000000b4   Code   RO         4195    i.DrvImu_Init       drvimu.o
    0x080015f4   0x00000010   Code   RO         4196    i.DrvImu_Read       drvimu.o
    0x08001604   0x00000014   Code   RO         4198    i.DrvImu_RegisterRecvDataHandler  drvimu.o
    0x08001618   0x00000038   Code   RO         4465    i.DrvLed_Init       drvgpio.o
    0x08001650   0x00000010   Code   RO         4466    i.DrvLed_OFF        drvgpio.o
    0x08001660   0x00000010   Code   RO         4468    i.DrvLed_Toggle     drvgpio.o
    0x08001670   0x00000004   Code   RO         4131    i.DrvMPU6500_CS_HIGH  drvmpu6500.o
    0x08001674   0x00000016   Code   RO         4133    i.DrvMPU6500_Init   drvmpu6500.o
    0x0800168a   0x0000007a   Code   RO         4134    i.DrvMPU6500_Read   drvmpu6500.o
    0x08001704   0x0000005c   Code   RO         4135    i.DrvMPU6500_ReadReg  drvmpu6500.o
    0x08001760   0x0000004e   Code   RO         4136    i.DrvMPU6500_WriteReg  drvmpu6500.o
    0x080017ae   0x00000002   PAD
    0x080017b0   0x00000148   Code   RO         4137    i.DrvMPU6500_spiMasterRxCpltCallback  drvmpu6500.o
    0x080018f8   0x00000098   Code   RO         4251    i.DrvTim_Init       drvtim.o
    0x08001990   0x00000028   Code   RO         4252    i.DrvTim_RegisterIsrHandler  drvtim.o
    0x080019b8   0x00000028   Code   RO         4253    i.DrvTim_SetTimerParam  drvtim.o
    0x080019e0   0x00000010   Code   RO         2747    i.FastSqrt          public.o
    0x080019f0   0x00000034   Code   RO         2748    i.FastSqrtI         public.o
    0x08001a24   0x000000a2   Code   RO          590    i.GPIO_Init         stm32f4xx_gpio.o
    0x08001ac6   0x00000020   Code   RO          591    i.GPIO_PinAFConfig  stm32f4xx_gpio.o
    0x08001ae6   0x00000012   Code   RO          599    i.GPIO_StructInit   stm32f4xx_gpio.o
    0x08001af8   0x00000008   Code   RO          600    i.GPIO_ToggleBits   stm32f4xx_gpio.o
    0x08001b00   0x0000000a   Code   RO          602    i.GPIO_WriteBit     stm32f4xx_gpio.o
    0x08001b0a   0x00000018   Code   RO         2749    i.GetCheckSum8      public.o
    0x08001b22   0x00000002   Code   RO         2641    i.HardFault_Handler  stm32f4xx_it.o
    0x08001b24   0x000000dc   Code   RO          261    i.IMU_Camera_DataHandle  appimu.o
    0x08001c00   0x00000014   Code   RO          310    i.MY_float2buf      appcommtopc.o
    0x08001c14   0x00000234   Code   RO         2888    i.Matrix_Inverse    minimatrix.o
    0x08001e48   0x000000d0   Code   RO         2889    i.Matrix_Multiply   minimatrix.o
    0x08001f18   0x0000005c   Code   RO         2890    i.Matrix_Multiply_With_Transpose  minimatrix.o
    0x08001f74   0x00000076   Code   RO         2892    i.Maxtrix_Add       minimatrix.o
    0x08001fea   0x00000002   Code   RO         2642    i.MemManage_Handler  stm32f4xx_it.o
    0x08001fec   0x00000002   Code   RO         2643    i.NMI_Handler       stm32f4xx_it.o
    0x08001fee   0x00000002   PAD
    0x08001ff0   0x00000064   Code   RO          409    i.NVIC_Init         misc.o
    0x08002054   0x00000014   Code   RO          410    i.NVIC_PriorityGroupConfig  misc.o
    0x08002068   0x0000000c   Code   RO         4414    i.OTG_FS_IRQHandler  drvusb.o
    0x08002074   0x00000002   Code   RO         2644    i.PendSV_Handler    stm32f4xx_it.o
    0x08002076   0x00000112   Code   RO         2750    i.Quaterion_ToCosMatrix  public.o
    0x08002188   0x000000b8   Code   RO         2751    i.Quaternion_ToEuler  public.o
    0x08002240   0x00000018   Code   RO         1830    i.RCC_AHB1PeriphClockCmd  stm32f4xx_rcc.o
    0x08002258   0x00000018   Code   RO         1836    i.RCC_APB1PeriphClockCmd  stm32f4xx_rcc.o
    0x08002270   0x00000018   Code   RO         1838    i.RCC_APB1PeriphResetCmd  stm32f4xx_rcc.o
    0x08002288   0x00000018   Code   RO         1839    i.RCC_APB2PeriphClockCmd  stm32f4xx_rcc.o
    0x080022a0   0x00000018   Code   RO         1841    i.RCC_APB2PeriphResetCmd  stm32f4xx_rcc.o
    0x080022b8   0x00000090   Code   RO         1848    i.RCC_GetClocksFreq  stm32f4xx_rcc.o
    0x08002348   0x00000014   Code   RO          925    i.SPI_Cmd           stm32f4xx_spi.o
    0x0800235c   0x00000090   Code   RO         3809    i.SPI_Config        bspspi.o
    0x080023ec   0x000000a8   Code   RO         3810    i.SPI_DmaInit       bspspi.o
    0x08002494   0x000000c6   Code   RO         3811    i.SPI_GpioInit      bspspi.o
    0x0800255a   0x00000010   Code   RO          931    i.SPI_I2S_DMACmd    stm32f4xx_spi.o
    0x0800256a   0x00000002   PAD
    0x0800256c   0x00000084   Code   RO          932    i.SPI_I2S_DeInit    stm32f4xx_spi.o
    0x080025f0   0x00000018   Code   RO          935    i.SPI_I2S_ITConfig  stm32f4xx_spi.o
    0x08002608   0x00000038   Code   RO          938    i.SPI_Init          stm32f4xx_spi.o
    0x08002640   0x00000096   Code   RO         3812    i.SPI_NVICInit      bspspi.o
    0x080026d6   0x00000002   Code   RO         2645    i.SVC_Handler       stm32f4xx_it.o
    0x080026d8   0x000000b0   Code   RO         2699    i.SetSysClock       system_stm32f4xx.o
    0x08002788   0x00000004   Code   RO         2836    i.SysTick_Handler   systick.o
    0x0800278c   0x0000005c   Code   RO         2701    i.SystemInit        system_stm32f4xx.o
    0x080027e8   0x00000028   Code   RO         4254    i.TIM3_IRQHandler   drvtim.o
    0x08002810   0x00000028   Code   RO         4255    i.TIM4_IRQHandler   drvtim.o
    0x08002838   0x00000028   Code   RO         4256    i.TIM5_IRQHandler   drvtim.o
    0x08002860   0x00000006   Code   RO         1288    i.TIM_ClearITPendingBit  stm32f4xx_tim.o
    0x08002866   0x00000014   Code   RO         1293    i.TIM_Cmd           stm32f4xx_tim.o
    0x0800287a   0x00000018   Code   RO         1314    i.TIM_GetITStatus   stm32f4xx_tim.o
    0x08002892   0x00000010   Code   RO         1318    i.TIM_ITConfig      stm32f4xx_tim.o
    0x080028a2   0x00000002   PAD
    0x080028a4   0x0000007c   Code   RO         1365    i.TIM_TimeBaseInit  stm32f4xx_tim.o
    0x08002920   0x00000038   Code   RO         4257    i.Timer_isrProc     drvtim.o
    0x08002958   0x00000088   Code   RO         3760    i.UART_Config       bspuart.o
    0x080029e0   0x000000a8   Code   RO         3761    i.UART_DmaInit      bspuart.o
    0x08002a88   0x0000006c   Code   RO         3762    i.UART_GpioInit     bspuart.o
    0x08002af4   0x00000096   Code   RO         3763    i.UART_NVICInit     bspuart.o
    0x08002b8a   0x00000006   Code   RO         4323    i.USART1_IRQHandler  drvcom.o
    0x08002b90   0x00000006   Code   RO         4324    i.USART2_IRQHandler  drvcom.o
    0x08002b96   0x00000006   Code   RO         4325    i.USART6_IRQHandler  drvcom.o
    0x08002b9c   0x00000006   Code   RO         1087    i.USART_ClearFlag   stm32f4xx_usart.o
    0x08002ba2   0x0000000c   Code   RO         1088    i.USART_ClearITPendingBit  stm32f4xx_usart.o
    0x08002bae   0x00000014   Code   RO         1091    i.USART_Cmd         stm32f4xx_usart.o
    0x08002bc2   0x00000010   Code   RO         1092    i.USART_DMACmd      stm32f4xx_usart.o
    0x08002bd2   0x00000002   PAD
    0x08002bd4   0x000000ac   Code   RO         1093    i.USART_DeInit      stm32f4xx_usart.o
    0x08002c80   0x0000003e   Code   RO         1095    i.USART_GetITStatus  stm32f4xx_usart.o
    0x08002cbe   0x00000030   Code   RO         1097    i.USART_ITConfig    stm32f4xx_usart.o
    0x08002cee   0x00000002   PAD
    0x08002cf0   0x000000ac   Code   RO         1098    i.USART_Init        stm32f4xx_usart.o
    0x08002d9c   0x0000000e   Code   RO         3347    i.USBD_ClrCfg       usbd_core.o
    0x08002daa   0x00000012   Code   RO         3457    i.USBD_CtlContinueRx  usbd_ioreq.o
    0x08002dbc   0x00000012   Code   RO         3458    i.USBD_CtlContinueSendData  usbd_ioreq.o
    0x08002dce   0x0000001c   Code   RO         3517    i.USBD_CtlError     usbd_req.o
    0x08002dea   0x00000022   Code   RO         3460    i.USBD_CtlReceiveStatus  usbd_ioreq.o
    0x08002e0c   0x00000020   Code   RO         3461    i.USBD_CtlSendData  usbd_ioreq.o
    0x08002e2c   0x00000022   Code   RO         3462    i.USBD_CtlSendStatus  usbd_ioreq.o
    0x08002e4e   0x00000002   PAD
    0x08002e50   0x000000bc   Code   RO         3348    i.USBD_DataInStage  usbd_core.o
    0x08002f0c   0x00000078   Code   RO         3349    i.USBD_DataOutStage  usbd_core.o
    0x08002f84   0x000000b8   Code   RO         3518    i.USBD_GetDescriptor  usbd_req.o
    0x0800303c   0x0000000e   Code   RO         3352    i.USBD_IsoINIncomplete  usbd_core.o
    0x0800304a   0x0000000e   Code   RO         3353    i.USBD_IsoOUTIncomplete  usbd_core.o
    0x08003058   0x000000f0   Code   RO         3065    i.USBD_OTG_ISR_Handler  usb_dcd_int.o
    0x08003148   0x00000044   Code   RO         3520    i.USBD_ParseSetupRequest  usbd_req.o
    0x0800318c   0x0000002e   Code   RO         3354    i.USBD_Reset        usbd_core.o
    0x080031ba   0x00000016   Code   RO         3355    i.USBD_Resume       usbd_core.o
    0x080031d0   0x00000010   Code   RO         3356    i.USBD_SOF          usbd_core.o
    0x080031e0   0x0000001a   Code   RO         3357    i.USBD_SetCfg       usbd_core.o
    0x080031fa   0x00000002   PAD
    0x080031fc   0x00000074   Code   RO         3521    i.USBD_SetConfig    usbd_req.o
    0x08003270   0x0000007c   Code   RO         3522    i.USBD_SetFeature   usbd_req.o
    0x080032ec   0x00000048   Code   RO         3358    i.USBD_SetupStage   usbd_core.o
    0x08003334   0x000000f0   Code   RO         3523    i.USBD_StdDevReq    usbd_req.o
    0x08003424   0x000000f0   Code   RO         3524    i.USBD_StdEPReq     usbd_req.o
    0x08003514   0x00000036   Code   RO         3525    i.USBD_StdItfReq    usbd_req.o
    0x0800354a   0x0000001c   Code   RO         3359    i.USBD_Suspend      usbd_core.o
    0x08003566   0x00000016   Code   RO         3895    i.USB_OTG_BSP_uDelay  usb_bsp.o
    0x0800357c   0x00000036   Code   RO         3126    i.USB_OTG_EP0Activate  usb_core.o
    0x080035b2   0x00000002   PAD
    0x080035b4   0x000000ae   Code   RO         3127    i.USB_OTG_EP0StartXfer  usb_core.o
    0x08003662   0x00000002   PAD
    0x08003664   0x00000024   Code   RO         3128    i.USB_OTG_EP0_OutStart  usb_core.o
    0x08003688   0x00000052   Code   RO         3129    i.USB_OTG_EPActivate  usb_core.o
    0x080036da   0x00000032   Code   RO         3130    i.USB_OTG_EPClearStall  usb_core.o
    0x0800370c   0x00000030   Code   RO         3132    i.USB_OTG_EPSetStall  usb_core.o
    0x0800373c   0x00000128   Code   RO         3133    i.USB_OTG_EPStartXfer  usb_core.o
    0x08003864   0x00000040   Code   RO         3137    i.USB_OTG_FlushTxFifo  usb_core.o
    0x080038a4   0x0000001e   Code   RO         3138    i.USB_OTG_GetDeviceSpeed  usb_core.o
    0x080038c2   0x00000012   Code   RO         3142    i.USB_OTG_IsDeviceMode  usb_core.o
    0x080038d4   0x0000000a   Code   RO         3144    i.USB_OTG_ReadCoreItr  usb_core.o
    0x080038de   0x0000000c   Code   RO         3145    i.USB_OTG_ReadDevAllInEPItr  usb_core.o
    0x080038ea   0x0000000c   Code   RO         3146    i.USB_OTG_ReadDevAllOutEp_itr  usb_core.o
    0x080038f6   0x00000010   Code   RO         3147    i.USB_OTG_ReadDevOutEP_itr  usb_core.o
    0x08003906   0x00000020   Code   RO         3149    i.USB_OTG_ReadPacket  usb_core.o
    0x08003926   0x00000028   Code   RO         3155    i.USB_OTG_WritePacket  usb_core.o
    0x0800394e   0x00000002   Code   RO         2646    i.UsageFault_Handler  stm32f4xx_it.o
    0x08003950   0x00000030   Code   RO         4618    i.__ARM_fpclassify  m_wm.l(fpclassify.o)
    0x08003980   0x000002e0   Code   RO         4544    i.__hardfp_atan     m_wm.l(atan.o)
    0x08003c60   0x000000f8   Code   RO         4624    i.__kernel_poly     m_wm.l(poly.o)
    0x08003d58   0x00000020   Code   RO         4610    i.__mathlib_dbl_underflow  m_wm.l(dunder.o)
    0x08003d78   0x00000094   Code   RO         2752    i.arctan2           public.o
    0x08003e0c   0x00000018   Code   RO         4614    i.fabs              m_wm.l(fabs.o)
    0x08003e24   0x00000030   Code   RO          355    i.gimbal_ekff_isr   apptimer.o
    0x08003e54   0x00000070   Code   RO          357    i.gimbal_readImu_isr  apptimer.o
    0x08003ec4   0x0000000a   Code   RO          230    i.main              main.o
    0x08003ece   0x00000002   PAD
    0x08003ed0   0x00000130   Code   RO         4504    i.miniEKF_AngleInit  miniekf.o
    0x08004000   0x000000bc   Code   RO         4505    i.miniEKF_Init      miniekf.o
    0x080040bc   0x00000458   Code   RO         4506    i.miniEKF_Update    miniekf.o
    0x08004514   0x00000010   Code   RO         2839    i.sysTick_IncTick   systick.o
    0x08004524   0x00000018   Code   RO         4587    x$fpl$basic         fz_wm.l(basic.o)
    0x0800453c   0x00000062   Code   RO         4540    x$fpl$d2f           fz_wm.l(d2f.o)
    0x0800459e   0x00000002   PAD
    0x080045a0   0x00000150   Code   RO         4589    x$fpl$dadd          fz_wm.l(daddsub_clz.o)
    0x080046f0   0x000002b0   Code   RO         4596    x$fpl$ddiv          fz_wm.l(ddiv.o)
    0x080049a0   0x00000154   Code   RO         4599    x$fpl$dmul          fz_wm.l(dmul.o)
    0x08004af4   0x0000009c   Code   RO         4601    x$fpl$dnaninf       fz_wm.l(dnaninf.o)
    0x08004b90   0x0000000c   Code   RO         4603    x$fpl$dretinf       fz_wm.l(dretinf.o)
    0x08004b9c   0x00000016   Code   RO         4590    x$fpl$drsb          fz_wm.l(daddsub_clz.o)
    0x08004bb2   0x00000002   PAD
    0x08004bb4   0x000001d4   Code   RO         4591    x$fpl$dsub          fz_wm.l(daddsub_clz.o)
    0x08004d88   0x00000056   Code   RO         4542    x$fpl$f2d           fz_wm.l(f2d.o)
    0x08004dde   0x0000008c   Code   RO         4605    x$fpl$fnaninf       fz_wm.l(fnaninf.o)
    0x08004e6a   0x0000000a   Code   RO         4716    x$fpl$fpinit        fz_wm.l(fpinit.o)
    0x08004e74   0x0000000a   Code   RO         4607    x$fpl$fretinf       fz_wm.l(fretinf.o)
    0x08004e7e   0x00000000   Code   RO         4609    x$fpl$usenofp       fz_wm.l(usenofp.o)
    0x08004e7e   0x00000002   PAD
    0x08004e80   0x0000000c   Data   RO         4507    .constdata          miniekf.o
    0x08004e8c   0x00000004   PAD
    0x08004e90   0x00000098   Data   RO         4547    .constdata          m_wm.l(atan.o)
    0x08004f28   0x00000020   Data   RO         4783    Region$$Table       anon$$obj.o


    Execution Region RW_IRAM1 (Base: 0x20000000, Size: 0x00001de0, Max: 0x00020000, ABSOLUTE)

    Base Addr    Size         Type   Attr      Idx    E Section Name        Object

    0x20000000   0x00000008   Data   RW          263    .data               appimu.o
    0x20000008   0x00000010   Data   RW          358    .data               apptimer.o
    0x20000018   0x00000010   Data   RW         1878    .data               stm32f4xx_rcc.o
    0x20000028   0x00000014   Data   RW         2702    .data               system_stm32f4xx.o
    0x2000003c   0x00000004   Data   RW         2841    .data               systick.o
    0x20000040   0x0000002c   Data   RW         3360    .data               usbd_core.o
    0x2000006c   0x00000004   Data   RW         3361    .data               usbd_core.o
    0x20000070   0x00000004   Data   RW         3362    .data               usbd_core.o
    0x20000074   0x00000010   Data   RW         3526    .data               usbd_req.o
    0x20000084   0x00000100   Zero   RW            7    .bss                appcomm.o
    0x20000184   0x00000704   Zero   RW          262    .bss                appimu.o
    0x20000888   0x00000030   Zero   RW          311    .bss                appcommtopc.o
    0x200008b8   0x000000fc   Zero   RW         4200    .bss                drvimu.o
    0x200009b4   0x00000090   Zero   RW         4258    .bss                drvtim.o
    0x20000a44   0x00000744   Zero   RW         4326    .bss                drvcom.o
    0x20001188   0x000005f4   Zero   RW         4415    .bss                drvusb.o
    0x2000177c   0x00000060   Zero   RW         4650    .bss                c_w.l(libspace.o)
    0x200017dc   0x00000004   PAD
    0x200017e0   0x00000200   Zero   RW         2738    HEAP                startup_stm32f40_41xxx.o
    0x200019e0   0x00000400   Zero   RW         2737    STACK               startup_stm32f40_41xxx.o


==============================================================================

Image component sizes


      Code (inc. data)   RO Data    RW Data    ZI Data      Debug   Object Name

        38          4          0          0        256     286164   appcomm.o
       166         14          0          0         48       2437   appcommtopc.o
       540         34          0          8       1796       2668   appimu.o
        72         10          0          0          0       2772   appmain.o
       216         26          0         16          0       2187   apptimer.o
       706          6          0          0          0       4999   bspspi.o
       168         22          0          0          0       1472   bsptim.o
       592          8          0          0          0       3927   bspuart.o
      1186        138          0          0       1860       9092   drvcom.o
        88         14          0          0          0       1927   drvgpio.o
       328         48          0          0        252       3129   drvimu.o
       646         24          0          0          0       5525   drvmpu6500.o
       408         46          0          0        144       4985   drvtim.o
        12          6          0          0       1524       1437   drvusb.o
        10          0          0          0          0        499   main.o
      1604         30         12          0          0       3512   miniekf.o
       982         16          0          0          0       4198   minimatrix.o
       120         14          0          0          0       1719   misc.o
       698         46          0          0          0       4239   public.o
        64         26        392          0       1536        964   startup_stm32f40_41xxx.o
       626         52          0          0          0       8201   stm32f4xx_dma.o
       230          0          0          0          0       3719   stm32f4xx_gpio.o
        16          0          0          0          0       4424   stm32f4xx_it.o
       264         42          0         16          0       6365   stm32f4xx_rcc.o
       248         24          0          0          0       4018   stm32f4xx_spi.o
       190         28          0          0          0       4937   stm32f4xx_tim.o
       508         42          0          0          0       6500   stm32f4xx_usart.o
       268         36          0         20          0       2401   system_stm32f4xx.o
        20          6          0          4          0       1625   systick.o
        22          0          0          0          0        965   usb_bsp.o
       974          8          0          0          0      12222   usb_core.o
       318          0          0          0          0      23850   usb_dcd.o
      1452        110          0          0          0       7687   usb_dcd_int.o
         0          0          0          0          0       1410   usbd_cdc_vcp.o
       560          4          0         52          0       9618   usbd_core.o
       136          0          0          0          0       3800   usbd_ioreq.o
      1054         44          0         16          0       7331   usbd_req.o

    ----------------------------------------------------------------------
     15558        928        440        132       7416     456925   Object Totals
         0          0         32          0          0          0   (incl. Generated)
        28          0          4          0          0          0   (incl. Padding)

    ----------------------------------------------------------------------

      Code (inc. data)   RO Data    RW Data    ZI Data      Debug   Library Member Name

         8          0          0          0          0         68   __main.o
        52          8          0          0          0          0   __scatter.o
        26          0          0          0          0          0   __scatter_copy.o
        28          0          0          0          0          0   __scatter_zi.o
        12          0          0          0          0         72   exit.o
         6          0          0          0          0        152   heapauxi.o
         0          0          0          0          0          0   indicate_semi.o
         2          0          0          0          0          0   libinit.o
         6          0          0          0          0          0   libinit2.o
         2          0          0          0          0          0   libshutdown.o
         2          0          0          0          0          0   libshutdown2.o
         8          4          0          0         96         68   libspace.o
        68          0          0          0          0         68   rt_memclr.o
        78          0          0          0          0         80   rt_memclr_w.o
       138          0          0          0          0         68   rt_memcpy_v6.o
       100          0          0          0          0         80   rt_memcpy_w.o
         0          0          0          0          0          0   rtentry.o
        12          0          0          0          0          0   rtentry2.o
         6          0          0          0          0          0   rtentry4.o
         2          0          0          0          0          0   rtexit.o
        10          0          0          0          0          0   rtexit2.o
        12          4          0          0          0         68   sys_exit.o
        74          0          0          0          0         80   sys_stackheap_outer.o
         2          0          0          0          0         68   use_no_semi.o
        24          0          0          0          0        164   basic.o
        98          4          0          0          0        140   d2f.o
       826         16          0          0          0        492   daddsub_clz.o
       688        140          0          0          0        256   ddiv.o
       340         12          0          0          0        152   dmul.o
       156          4          0          0          0        140   dnaninf.o
        12          0          0          0          0        116   dretinf.o
        86          4          0          0          0        132   f2d.o
       140          4          0          0          0        132   fnaninf.o
        10          0          0          0          0        116   fpinit.o
        10          0          0          0          0        116   fretinf.o
         0          0          0          0          0          0   usenofp.o
       736        104        152          0          0        220   atan.o
        32          8          0          0          0        124   dunder.o
        24          0          0          0          0        124   fabs.o
        48          0          0          0          0        124   fpclassify.o
       248          0          0          0          0        152   poly.o

    ----------------------------------------------------------------------
      4146        312        152          0        100       3572   Library Totals
        14          0          0          0          4          0   (incl. Padding)

    ----------------------------------------------------------------------

      Code (inc. data)   RO Data    RW Data    ZI Data      Debug   Library Name

       654         16          0          0         96        872   c_w.l
      2390        184          0          0          0       1956   fz_wm.l
      1088        112        152          0          0        744   m_wm.l

    ----------------------------------------------------------------------
      4146        312        152          0        100       3572   Library Totals

    ----------------------------------------------------------------------

==============================================================================


      Code (inc. data)   RO Data    RW Data    ZI Data      Debug   

     19704       1240        592        132       7516     441833   Grand Totals
     19704       1240        592        132       7516     441833   ELF Image Totals
     19704       1240        592        132          0          0   ROM Totals

==============================================================================

    Total RO  Size (Code + RO Data)                20296 (  19.82kB)
    Total RW  Size (RW Data + ZI Data)              7648 (   7.47kB)
    Total ROM Size (Code + RO Data + RW Data)      20428 (  19.95kB)

==============================================================================

