<html>
<body>
<pre>
<h1>µVision Build Log</h1>
<h2>Project:</h2>
C:\Users\Administrator\Desktop\Áã¶ÈÖÇ¿ØIMU\IMU_TEST_F405_2018.6.14_zhan\project\project.uvprojx
Project File Date:  06/14/2018

<h2>Output:</h2>
Build target 'STM32F405RG'
compiling AppCommToPC.c...
..\User\AppCommToPC.c(59): warning:  #175-D: subscript out of range
                showData[12] = miniEKF.imu.gyroN;
..\User\AppCommToPC.c(60): warning:  #175-D: subscript out of range
                showData[13] = miniEKF.imu.gyroE;
..\User\AppCommToPC.c(61): warning:  #175-D: subscript out of range
                showData[14] = miniEKF.imu.gyroD;
..\User\AppCommToPC.c: 3 warnings, 0 errors
linking...
Program Size: Code=19704 RO-data=592 RW-data=132 ZI-data=7516  
FromELF: creating hex file...
".\Objects\project.axf" - 0 Error(s), 3 Warning(s).
Load "C:\\Users\\Administrator\\Desktop\\Áã¶ÈÖÇ¿ØIMU\\IMU_TEST_F405_2018.6.14_zhan\\project\\Objects\\project.axf" 
* JLink Info: Device "STM32F405RG" selected (1024 KB flash, 128 KB RAM).
Set JLink Project File to "C:\Users\Administrator\Desktop\Áã¶ÈÖÇ¿ØIMU\IMU_TEST_F405_2018.6.14_zhan\project\JLinkSettings.ini"
* JLink Info: Device "STM32F405RG" selected (1024 KB flash, 128 KB RAM).
 
JLink info:
------------
DLL: V4.80g, compiled Feb 13 2014 20:50:02
Firmware: J-Link ARM-OB STM32 compiled Aug 22 2012 19:52:04
Hardware: V7.00
S/N : 20160402 
Feature(s) : RDI,FlashDL,FlashBP,JFlash,GDBFull 
 
* JLink Info: Found SWD-DP with ID 0x2BA01477
* JLink Info: Found SWD-DP with ID 0x2BA01477
* JLink Info: Found Cortex-M4 r0p1, Little endian.
* JLink Info: FPUnit: 6 code (BP) slots and 2 literal slots
* JLink Info: TPIU fitted.
* JLink Info: ETM fitted.
ROMTableAddr = 0xE00FF003
 
Target info:
------------
Device: STM32F405RGTx
VTarget = 3.300V
State of Pins: 
TCK: 0, TDI: 0, TDO: 1, TMS: 0, TRES: 1, TRST: 1
Hardware-Breakpoints: 6
Software-Breakpoints: 8192
Watchpoints:          4
JTAG speed: 1000 kHz
 
Erase Done.
Programming Done.
Verify OK.
</pre>
</body>
</html>

Watchpoints:          4
JTAG speed: 1000 kHz
 
Erase Done.
Programming Done.
Verify OK.
0402 
Feature(s) : RDI,FlashDL,FlashBP,JFlash,GDBFull 
 
* JLink Info: Found SWD-DP with ID 0x2BA01477
* JLink Info: Found SWD-DP with ID 0x2BA01477
* JLink Info: Found Cortex-M4 r0p1, Little endian.
* JLink Info: FPUnit: 6 code (BP) slots and 2 literal slots
* JLink Info: TPIU fitted.
* JLink Info: ETM fitted.
ROMTableAddr = 0xE00FF003
 
Target info:
------------
Device: STM32F405RGTx
VTarget = 3.300V
State of Pins: 
TCK: 0, TDI: 0, TDO: 1, TMS: 0, TRES: 1, TRST: 1
Hardware-Breakpoints: 6
Software-Breakpoints: 8192
Watchpoints:          4
JTAG speed: 1000 kHz
 
Erase Done.
Programming Done.
Verify OK.
I: 0, TDO: 1, TMS: 0, TRES: 1, TRST: 1
Hardware-Breakpoints: 6
Software-Breakpoints: 8192
Watchpoints:          4
JTAG speed: 1000 kHz
 
Erase Failed!
Error: Flash Download failed  -  "Cortex-M4"
Load "C:\\Users\\Administrator\\Desktop\\Áã¶ÈÖÇ¿ØIMU\\IMU_TEST_F405_2018.6.14_zhan\\project\\Objects\\project.axf" 
* JLink Info: Device "STM32F405RG" selected (1024 KB flash, 128 KB RAM).
Set JLink Project File to "C:\Users\Administrator\Desktop\Áã¶ÈÖÇ¿ØIMU\IMU_TEST_F405_2018.6.14_zhan\project\JLinkSettings.ini"
* JLink Info: Device "STM32F405RG" selected (1024 KB flash, 128 KB RAM).
 
JLink info:
------------
DLL: V4.80g, compiled Feb 13 2014 20:50:02
Firmware: J-Link ARM-OB STM32 compiled Aug 22 2012 19:52:04
Hardware: V7.00
S/N : 20160402 
Feature(s) : RDI,FlashDL,FlashBP,JFlash,GDBFull 
 
* JLink Info: Found SWD-DP with ID 0x2BA01477
* JLink Info: Found SWD-DP with ID 0x2BA01477
* JLink Info: Found Cortex-M4 r0p1, Little endian.
* JLink Info: FPUnit: 6 code (BP) slots and 2 literal slots
* JLink Info: TPIU fitted.
* JLink Info: ETM fitted.
ROMTableAddr = 0xE00FF003
 
Target info:
------------
Device: STM32F405RGTx
VTarget = 3.300V
State of Pins: 
TCK: 0, TDI: 0, TDO: 1, TMS: 0, TRES: 1, TRST: 1
Hardware-Breakpoints: 6
Software-Breakpoints: 8192
Watchpoints:          4
JTAG speed: 1000 kHz
 
Erase Done.
Programming Done.
Verify OK.
Load "C:\\Users\\Administrator\\Desktop\\Áã¶ÈÖÇ¿ØIMU\\IMU_TEST_F405_2018.6.14_zhan\\project\\Objects\\project.axf" 
* JLink Info: Device "STM32F405RG" selected (1024 KB flash, 128 KB RAM).
Set JLink Project File to "C:\Users\Administrator\Desktop\Áã¶ÈÖÇ¿ØIMU\IMU_TEST_F405_2018.6.14_zhan\project\JLinkSettings.ini"
* JLink Info: Device "STM32F405RG" selected (1024 KB flash, 128 KB RAM).
 
JLink info:
------------
DLL: V4.80g, compiled Feb 13 2014 20:50:02
Firmware: J-Link ARM-OB STM32 compiled Aug 22 2012 19:52:04
Hardware: V7.00
S/N : 20160402 
Feature(s) : RDI,FlashDL,FlashBP,JFlash,GDBFull 
 
* JLink Info: Found SWD-DP with ID 0x2BA01477
* JLink Info: Found SWD-DP with ID 0x2BA01477
* JLink Info: Found Cortex-M4 r0p1, Little endian.
* JLink Info: FPUnit: 6 code (BP) slots and 2 literal slots
* JLink Info: TPIU fitted.
* JLink Info: ETM fitted.
ROMTableAddr = 0xE00FF003
 
Target info:
------------
Device: STM32F405RGTx
VTarget = 3.300V
State of Pins: 
TCK: 0, TDI: 0, TDO: 1, TMS: 0, TRES: 1, TRST: 1
Hardware-Breakpoints: 6
Software-Breakpoints: 8192
Watchpoints:          4
JTAG speed: 1000 kHz
 
Erase Done.
Programming Done.
Verify OK.
compiling AppCommToPC.c...
..\User\AppCommToPC.c(59): warning:  #175-D: subscript out of range
                showData[12] = miniEKF.imu.gyroN;
..\User\AppCommToPC.c(60): warning:  #175-D: subscript out of range
                showData[13] = miniEKF.imu.gyroE;
..\User\AppCommToPC.c(61): warning:  #175-D: subscript out of range
                showData[14] = miniEKF.imu.gyroD;
..\User\AppCommToPC.c(119): warning:  #175-D: subscript out of range
                showData[12] = 0;
..\User\AppCommToPC.c: 4 warnings, 0 errors
"..\User\AppCommToPC.c" - 0 Error(s), 4 Warning(s).
